Component: ARM Compiler 5.06 update 6 (build 750) Tool: armlink [4d35ed]

==============================================================================

Section Cross References

    startup_stm32h745xx_cm7.o(RESET) refers to startup_stm32h745xx_cm7.o(STACK) for __initial_sp
    startup_stm32h745xx_cm7.o(RESET) refers to startup_stm32h745xx_cm7.o(.text) for Reset_Handler
    startup_stm32h745xx_cm7.o(RESET) refers to stm32h7xx_it_1.o(i.NMI_Handler) for NMI_Handler
    startup_stm32h745xx_cm7.o(RESET) refers to stm32h7xx_it_1.o(i.HardFault_Handler) for HardFault_Handler
    startup_stm32h745xx_cm7.o(RESET) refers to stm32h7xx_it_1.o(i.MemManage_Handler) for MemManage_Handler
    startup_stm32h745xx_cm7.o(RESET) refers to stm32h7xx_it_1.o(i.BusFault_Handler) for BusFault_Handler
    startup_stm32h745xx_cm7.o(RESET) refers to stm32h7xx_it_1.o(i.UsageFault_Handler) for UsageFault_Handler
    startup_stm32h745xx_cm7.o(RESET) refers to stm32h7xx_it_1.o(i.SVC_Handler) for SVC_Handler
    startup_stm32h745xx_cm7.o(RESET) refers to stm32h7xx_it_1.o(i.DebugMon_Handler) for DebugMon_Handler
    startup_stm32h745xx_cm7.o(RESET) refers to stm32h7xx_it_1.o(i.PendSV_Handler) for PendSV_Handler
    startup_stm32h745xx_cm7.o(RESET) refers to stm32h7xx_it_1.o(i.SysTick_Handler) for SysTick_Handler
    startup_stm32h745xx_cm7.o(.text) refers to system_stm32h7xx_dualcore_boot_cm4_cm7.o(i.SystemInit) for SystemInit
    startup_stm32h745xx_cm7.o(.text) refers to entry.o(.ARM.Collect$$$$00000000) for __main
    core_main.o(i.iterate) refers to core_list_join.o(i.core_bench_list) for core_bench_list
    core_main.o(i.iterate) refers to core_util.o(i.crcu16) for crcu16
    core_main.o(i.main) refers to core_portme.o(i.portable_init) for portable_init
    core_main.o(i.main) refers to printfa.o(i.__0printf) for __2printf
    core_main.o(i.main) refers to core_util.o(i.get_seed_32) for get_seed_32
    core_main.o(i.main) refers to core_list_join.o(i.core_list_init) for core_list_init
    core_main.o(i.main) refers to core_matrix.o(i.core_init_matrix) for core_init_matrix
    core_main.o(i.main) refers to core_state.o(i.core_init_state) for core_init_state
    core_main.o(i.main) refers to core_portme.o(i.start_time) for start_time
    core_main.o(i.main) refers to core_list_join.o(i.core_bench_list) for core_bench_list
    core_main.o(i.main) refers to core_util.o(i.crcu16) for crcu16
    core_main.o(i.main) refers to core_portme.o(i.stop_time) for stop_time
    core_main.o(i.main) refers to core_portme.o(i.get_time) for get_time
    core_main.o(i.main) refers to core_util.o(i.crc16) for crc16
    core_main.o(i.main) refers to core_portme.o(i.time_in_secs) for time_in_secs
    core_main.o(i.main) refers to core_util.o(i.check_data_types) for check_data_types
    core_main.o(i.main) refers to core_portme.o(.data) for default_num_contexts
    core_main.o(i.main) refers to core_main.o(.data) for .data
    core_main.o(i.main) refers to core_portme.o(i.portable_fini) for portable_fini
    core_main.o(i.main) refers to core_main.o(.conststring) for .conststring
    core_main.o(.data) refers to core_main.o(.conststring) for .conststring
    core_list_join.o(i.calc_func) refers to core_util.o(i.crcu16) for crcu16
    core_list_join.o(i.calc_func) refers to core_state.o(i.core_bench_state) for core_bench_state
    core_list_join.o(i.calc_func) refers to core_matrix.o(i.core_bench_matrix) for core_bench_matrix
    core_list_join.o(i.cmp_complex) refers to core_list_join.o(i.calc_func) for calc_func
    core_list_join.o(i.core_bench_list) refers to core_list_join.o(i.core_list_mergesort) for core_list_mergesort
    core_list_join.o(i.core_bench_list) refers to core_util.o(i.crc16) for crc16
    core_list_join.o(i.core_bench_list) refers to core_list_join.o(i.cmp_complex) for cmp_complex
    core_list_join.o(i.core_bench_list) refers to core_list_join.o(i.cmp_idx) for cmp_idx
    core_list_join.o(i.core_list_init) refers to core_list_join.o(i.core_list_mergesort) for core_list_mergesort
    core_list_join.o(i.core_list_init) refers to core_list_join.o(i.cmp_idx) for cmp_idx
    core_matrix.o(i.core_bench_matrix) refers to core_matrix.o(i.matrix_test) for matrix_test
    core_matrix.o(i.core_bench_matrix) refers to core_util.o(i.crc16) for crc16
    core_matrix.o(i.matrix_test) refers to core_matrix.o(i.matrix_sum) for matrix_sum
    core_matrix.o(i.matrix_test) refers to core_util.o(i.crc16) for crc16
    core_state.o(i.core_bench_state) refers to core_state.o(i.core_state_transition) for core_state_transition
    core_state.o(i.core_bench_state) refers to core_util.o(i.crcu32) for crcu32
    core_state.o(i.core_init_state) refers to core_state.o(.data) for .data
    core_state.o(.data) refers to core_state.o(.conststring) for .conststring
    core_util.o(i.crcu32) refers to core_util.o(i.crc16) for crc16
    core_util.o(i.get_seed_32) refers to core_portme.o(.data) for seed1_volatile
[...]
    Removing stm32h7xx_hal_pwr_ex.o(i.HAL_PWREx_EnterSTOPMode), (168 bytes).
    Removing stm32h7xx_hal_pwr_ex.o(i.HAL_PWREx_GetStopModeVoltageRange), (16 bytes).
    Removing stm32h7xx_hal_pwr_ex.o(i.HAL_PWREx_GetSupplyConfig), (16 bytes).
    Removing stm32h7xx_hal_pwr_ex.o(i.HAL_PWREx_GetTemperatureLevel), (28 bytes).
    Removing stm32h7xx_hal_pwr_ex.o(i.HAL_PWREx_GetVBATLevel), (28 bytes).
    Removing stm32h7xx_hal_pwr_ex.o(i.HAL_PWREx_GetVoltageRange), (16 bytes).
    Removing stm32h7xx_hal_pwr_ex.o(i.HAL_PWREx_GetWakeupFlag), (12 bytes).
    Removing stm32h7xx_hal_pwr_ex.o(i.HAL_PWREx_HoldCore), (68 bytes).
    Removing stm32h7xx_hal_pwr_ex.o(i.HAL_PWREx_PVD_AVD_IRQHandler), (160 bytes).
    Removing stm32h7xx_hal_pwr_ex.o(i.HAL_PWREx_ReleaseCore), (28 bytes).
    Removing stm32h7xx_hal_pwr_ex.o(i.HAL_PWREx_WAKEUP_PIN_IRQHandler), (132 bytes).
    Removing stm32h7xx_hal_pwr_ex.o(i.HAL_PWREx_WKUP1_Callback), (2 bytes).
    Removing stm32h7xx_hal_pwr_ex.o(i.HAL_PWREx_WKUP2_Callback), (2 bytes).
    Removing stm32h7xx_hal_pwr_ex.o(i.HAL_PWREx_WKUP3_Callback), (2 bytes).
    Removing stm32h7xx_hal_pwr_ex.o(i.HAL_PWREx_WKUP4_Callback), (2 bytes).
    Removing stm32h7xx_hal_pwr_ex.o(i.HAL_PWREx_WKUP5_Callback), (2 bytes).
    Removing stm32h7xx_hal_pwr_ex.o(i.HAL_PWREx_WKUP6_Callback), (2 bytes).
    Removing stm32h7xx_hal.o(.rev16_text), (4 bytes).
    Removing stm32h7xx_hal.o(.revsh_text), (4 bytes).
    Removing stm32h7xx_hal.o(.rrx_text), (6 bytes).
    Removing stm32h7xx_hal.o(i.HAL_DBGMCU_DisableDBGSleepMode), (16 bytes).
    Removing stm32h7xx_hal.o(i.HAL_DBGMCU_DisableDBGStandbyMode), (16 bytes).
    Removing stm32h7xx_hal.o(i.HAL_DBGMCU_DisableDBGStopMode), (16 bytes).
    Removing stm32h7xx_hal.o(i.HAL_DBGMCU_EnableDBGSleepMode), (16 bytes).
    Removing stm32h7xx_hal.o(i.HAL_DBGMCU_EnableDBGStandbyMode), (16 bytes).
    Removing stm32h7xx_hal.o(i.HAL_DBGMCU_EnableDBGStopMode), (16 bytes).
    Removing stm32h7xx_hal.o(i.HAL_DeInit), (92 bytes).
    Removing stm32h7xx_hal.o(i.HAL_Delay), (40 bytes).
    Removing stm32h7xx_hal.o(i.HAL_DisableCompensationCell), (16 bytes).
    Removing stm32h7xx_hal.o(i.HAL_DisableDomain2DBGSleepMode), (16 bytes).
    Removing stm32h7xx_hal.o(i.HAL_DisableDomain2DBGStandbyMode), (16 bytes).
    Removing stm32h7xx_hal.o(i.HAL_DisableDomain2DBGStopMode), (16 bytes).
    Removing stm32h7xx_hal.o(i.HAL_DisableDomain3DBGStandbyMode), (16 bytes).
    Removing stm32h7xx_hal.o(i.HAL_DisableDomain3DBGStopMode), (16 bytes).
    Removing stm32h7xx_hal.o(i.HAL_EXTI_D1_ClearFlag), (30 bytes).
    Removing stm32h7xx_hal.o(i.HAL_EXTI_D1_EventInputConfig), (110 bytes).
    Removing stm32h7xx_hal.o(i.HAL_EXTI_D2_ClearFlag), (30 bytes).
    Removing stm32h7xx_hal.o(i.HAL_EXTI_D2_EventInputConfig), (110 bytes).
    Removing stm32h7xx_hal.o(i.HAL_EXTI_D3_EventInputConfig), (94 bytes).
    Removing stm32h7xx_hal.o(i.HAL_EXTI_EdgeConfig), (76 bytes).
    Removing stm32h7xx_hal.o(i.HAL_EXTI_GenerateSWInterrupt), (26 bytes).
    Removing stm32h7xx_hal.o(i.HAL_EnableCompensationCell), (16 bytes).
    Removing stm32h7xx_hal.o(i.HAL_EnableDomain2DBGSleepMode), (16 bytes).
    Removing stm32h7xx_hal.o(i.HAL_EnableDomain2DBGStandbyMode), (16 bytes).
    Removing stm32h7xx_hal.o(i.HAL_EnableDomain2DBGStopMode), (16 bytes).
    Removing stm32h7xx_hal.o(i.HAL_EnableDomain3DBGStandbyMode), (16 bytes).
    Removing stm32h7xx_hal.o(i.HAL_EnableDomain3DBGStopMode), (16 bytes).
    Removing stm32h7xx_hal.o(i.HAL_GetDEVID), (16 bytes).
    Removing stm32h7xx_hal.o(i.HAL_GetFMCMemorySwappingConfig), (16 bytes).
    Removing stm32h7xx_hal.o(i.HAL_GetHalVersion), (6 bytes).
    Removing stm32h7xx_hal.o(i.HAL_GetTickFreq), (12 bytes).
    Removing stm32h7xx_hal.o(i.HAL_GetTickPrio), (12 bytes).
    Removing stm32h7xx_hal.o(i.HAL_GetUIDw0), (12 bytes).
    Removing stm32h7xx_hal.o(i.HAL_GetUIDw1), (12 bytes).
    Removing stm32h7xx_hal.o(i.HAL_GetUIDw2), (12 bytes).
    Removing stm32h7xx_hal.o(i.HAL_IncTick), (16 bytes).
    Removing stm32h7xx_hal.o(i.HAL_MspDeInit), (2 bytes).
    Removing stm32h7xx_hal.o(i.HAL_MspInit), (2 bytes).
    Removing stm32h7xx_hal.o(i.HAL_ResumeTick), (14 bytes).
    Removing stm32h7xx_hal.o(i.HAL_SYSCFG_AnalogSwitchConfig), (20 bytes).
    Removing stm32h7xx_hal.o(i.HAL_SYSCFG_CM4BootAddConfig), (36 bytes).
    Removing stm32h7xx_hal.o(i.HAL_SYSCFG_CM7BootAddConfig), (36 bytes).
    Removing stm32h7xx_hal.o(i.HAL_SYSCFG_CompensationCodeConfig), (24 bytes).
    Removing stm32h7xx_hal.o(i.HAL_SYSCFG_CompensationCodeSelect), (20 bytes).
    Removing stm32h7xx_hal.o(i.HAL_SYSCFG_DisableBOOST), (16 bytes).
    Removing stm32h7xx_hal.o(i.HAL_SYSCFG_DisableCM4BOOT), (16 bytes).
    Removing stm32h7xx_hal.o(i.HAL_SYSCFG_DisableCM7BOOT), (16 bytes).
    Removing stm32h7xx_hal.o(i.HAL_SYSCFG_DisableIOSpeedOptimize), (16 bytes).
    Removing stm32h7xx_hal.o(i.HAL_SYSCFG_DisableVREFBUF), (16 bytes).
    Removing stm32h7xx_hal.o(i.HAL_SYSCFG_ETHInterfaceSelect), (20 bytes).
    Removing stm32h7xx_hal.o(i.HAL_SYSCFG_EnableBOOST), (16 bytes).
    Removing stm32h7xx_hal.o(i.HAL_SYSCFG_EnableCM4BOOT), (16 bytes).
    Removing stm32h7xx_hal.o(i.HAL_SYSCFG_EnableCM7BOOT), (16 bytes).
    Removing stm32h7xx_hal.o(i.HAL_SYSCFG_EnableIOSpeedOptimize), (16 bytes).
    Removing stm32h7xx_hal.o(i.HAL_SYSCFG_EnableVREFBUF), (60 bytes).
    Removing stm32h7xx_hal.o(i.HAL_SYSCFG_VREFBUF_HighImpedanceConfig), (20 bytes).
    Removing stm32h7xx_hal.o(i.HAL_SYSCFG_VREFBUF_TrimmingConfig), (20 bytes).
    Removing stm32h7xx_hal.o(i.HAL_SYSCFG_VREFBUF_VoltageScalingConfig), (20 bytes).
    Removing stm32h7xx_hal.o(i.HAL_SetFMCMemorySwappingConfig), (20 bytes).
    Removing stm32h7xx_hal.o(i.HAL_SetTickFreq), (32 bytes).
    Removing stm32h7xx_hal.o(i.HAL_SuspendTick), (14 bytes).
    Removing stm32h7xx_hal_i2c.o(.rev16_text), (4 bytes).
    Removing stm32h7xx_hal_i2c.o(.revsh_text), (4 bytes).
    Removing stm32h7xx_hal_i2c.o(.rrx_text), (6 bytes).
    Removing stm32h7xx_hal_i2c.o(i.HAL_I2C_AbortCpltCallback), (2 bytes).
    Removing stm32h7xx_hal_i2c.o(i.HAL_I2C_AddrCallback), (2 bytes).
    Removing stm32h7xx_hal_i2c.o(i.HAL_I2C_DeInit), (54 bytes).
    Removing stm32h7xx_hal_i2c.o(i.HAL_I2C_DisableListen_IT), (56 bytes).
    Removing stm32h7xx_hal_i2c.o(i.HAL_I2C_ER_IRQHandler), (118 bytes).
    Removing stm32h7xx_hal_i2c.o(i.HAL_I2C_EV_IRQHandler), (16 bytes).
    Removing stm32h7xx_hal_i2c.o(i.HAL_I2C_EnableListen_IT), (40 bytes).
    Removing stm32h7xx_hal_i2c.o(i.HAL_I2C_ErrorCallback), (2 bytes).
    Removing stm32h7xx_hal_i2c.o(i.HAL_I2C_GetError), (4 bytes).
    Removing stm32h7xx_hal_i2c.o(i.HAL_I2C_GetMode), (6 bytes).
    Removing stm32h7xx_hal_i2c.o(i.HAL_I2C_GetState), (6 bytes).
    Removing stm32h7xx_hal_i2c.o(i.HAL_I2C_Init), (180 bytes).
    Removing stm32h7xx_hal_i2c.o(i.HAL_I2C_IsDeviceReady), (320 bytes).
    Removing stm32h7xx_hal_i2c.o(i.HAL_I2C_ListenCpltCallback), (2 bytes).
    Removing stm32h7xx_hal_i2c.o(i.HAL_I2C_MasterRxCpltCallback), (2 bytes).
    Removing stm32h7xx_hal_i2c.o(i.HAL_I2C_MasterTxCpltCallback), (2 bytes).
    Removing stm32h7xx_hal_i2c.o(i.HAL_I2C_Master_Abort_IT), (112 bytes).
    Removing stm32h7xx_hal_i2c.o(i.HAL_I2C_Master_Receive), (644 bytes).
    Removing stm32h7xx_hal_i2c.o(i.HAL_I2C_Master_Receive_DMA), (348 bytes).
    Removing stm32h7xx_hal_i2c.o(i.HAL_I2C_Master_Receive_IT), (164 bytes).
    Removing stm32h7xx_hal_i2c.o(i.HAL_I2C_Master_Seq_Receive_DMA), (396 bytes).
    Removing stm32h7xx_hal_i2c.o(i.HAL_I2C_Master_Seq_Receive_IT), (204 bytes).
    Removing stm32h7xx_hal_i2c.o(i.HAL_I2C_Master_Seq_Transmit_DMA), (392 bytes).
    Removing stm32h7xx_hal_i2c.o(i.HAL_I2C_Master_Seq_Transmit_IT), (204 bytes).
    Removing stm32h7xx_hal_i2c.o(i.HAL_I2C_Master_Transmit), (376 bytes).
    Removing stm32h7xx_hal_i2c.o(i.HAL_I2C_Master_Transmit_DMA), (340 bytes).
    Removing stm32h7xx_hal_i2c.o(i.HAL_I2C_Master_Transmit_IT), (164 bytes).
    Removing stm32h7xx_hal_i2c.o(i.HAL_I2C_MemRxCpltCallback), (2 bytes).
    Removing stm32h7xx_hal_i2c.o(i.HAL_I2C_MemTxCpltCallback), (2 bytes).
    Removing stm32h7xx_hal_i2c.o(i.HAL_I2C_Mem_Read), (428 bytes).
    Removing stm32h7xx_hal_i2c.o(i.HAL_I2C_Mem_Read_DMA), (360 bytes).
    Removing stm32h7xx_hal_i2c.o(i.HAL_I2C_Mem_Read_IT), (232 bytes).
    Removing stm32h7xx_hal_i2c.o(i.HAL_I2C_Mem_Write), (388 bytes).
    Removing stm32h7xx_hal_i2c.o(i.HAL_I2C_Mem_Write_DMA), (356 bytes).
    Removing stm32h7xx_hal_i2c.o(i.HAL_I2C_Mem_Write_IT), (224 bytes).
    Removing stm32h7xx_hal_i2c.o(i.HAL_I2C_MspDeInit), (2 bytes).
    Removing stm32h7xx_hal_i2c.o(i.HAL_I2C_MspInit), (2 bytes).
    Removing stm32h7xx_hal_i2c.o(i.HAL_I2C_SlaveRxCpltCallback), (2 bytes).
    Removing stm32h7xx_hal_i2c.o(i.HAL_I2C_SlaveTxCpltCallback), (2 bytes).
    Removing stm32h7xx_hal_i2c.o(i.HAL_I2C_Slave_Receive), (568 bytes).
    Removing stm32h7xx_hal_i2c.o(i.HAL_I2C_Slave_Receive_DMA), (244 bytes).
    Removing stm32h7xx_hal_i2c.o(i.HAL_I2C_Slave_Receive_IT), (96 bytes).
    Removing stm32h7xx_hal_i2c.o(i.HAL_I2C_Slave_Seq_Receive_DMA), (396 bytes).
    Removing stm32h7xx_hal_i2c.o(i.HAL_I2C_Slave_Seq_Receive_IT), (220 bytes).
    Removing stm32h7xx_hal_i2c.o(i.HAL_I2C_Slave_Seq_Transmit_DMA), (396 bytes).
    Removing stm32h7xx_hal_i2c.o(i.HAL_I2C_Slave_Seq_Transmit_IT), (220 bytes).
    Removing stm32h7xx_hal_i2c.o(i.HAL_I2C_Slave_Transmit), (330 bytes).
    Removing stm32h7xx_hal_i2c.o(i.HAL_I2C_Slave_Transmit_DMA), (236 bytes).
    Removing stm32h7xx_hal_i2c.o(i.HAL_I2C_Slave_Transmit_IT), (96 bytes).
    Removing stm32h7xx_hal_i2c.o(i.I2C_DMAAbort), (40 bytes).
    Removing stm32h7xx_hal_i2c.o(i.I2C_DMAError), (340 bytes).
    Removing stm32h7xx_hal_i2c.o(i.I2C_DMAMasterReceiveCplt), (76 bytes).
    Removing stm32h7xx_hal_i2c.o(i.I2C_DMAMasterTransmitCplt), (76 bytes).
    Removing stm32h7xx_hal_i2c.o(i.I2C_DMASlaveReceiveCplt), (196 bytes).
    Removing stm32h7xx_hal_i2c.o(i.I2C_DMASlaveTransmitCplt), (28 bytes).
    Removing stm32h7xx_hal_i2c.o(i.I2C_Disable_IRQ), (98 bytes).
    Removing stm32h7xx_hal_i2c.o(i.I2C_Enable_IRQ), (120 bytes).
    Removing stm32h7xx_hal_i2c.o(i.I2C_ITError), (244 bytes).
    Removing stm32h7xx_hal_i2c.o(i.I2C_ITMasterCplt), (208 bytes).
    Removing stm32h7xx_hal_i2c.o(i.I2C_ITSlaveCplt), (596 bytes).
    Removing stm32h7xx_hal_i2c.o(i.I2C_ITSlaveSeqCplt), (86 bytes).
    Removing stm32h7xx_hal_i2c.o(i.I2C_Master_ISR_DMA), (416 bytes).
    Removing stm32h7xx_hal_i2c.o(i.I2C_Master_ISR_IT), (524 bytes).
    Removing stm32h7xx_hal_i2c.o(i.I2C_RequestMemoryRead), (120 bytes).
    Removing stm32h7xx_hal_i2c.o(i.I2C_RequestMemoryWrite), (120 bytes).
    Removing stm32h7xx_hal_i2c.o(i.I2C_Slave_ISR_DMA), (756 bytes).
    Removing stm32h7xx_hal_i2c.o(i.I2C_Slave_ISR_IT), (612 bytes).
    Removing stm32h7xx_hal_i2c.o(i.I2C_WaitOnFlagUntilTimeout), (110 bytes).
    Removing stm32h7xx_hal_i2c.o(i.I2C_WaitOnSTOPFlagUntilTimeout), (236 bytes).
    Removing stm32h7xx_hal_i2c.o(i.I2C_WaitOnTXISFlagUntilTimeout), (244 bytes).
    Removing stm32h7xx_hal_i2c_ex.o(.rev16_text), (4 bytes).
    Removing stm32h7xx_hal_i2c_ex.o(.revsh_text), (4 bytes).
    Removing stm32h7xx_hal_i2c_ex.o(.rrx_text), (6 bytes).
    Removing stm32h7xx_hal_i2c_ex.o(i.HAL_I2CEx_ConfigAnalogFilter), (100 bytes).
    Removing stm32h7xx_hal_i2c_ex.o(i.HAL_I2CEx_ConfigDigitalFilter), (96 bytes).
    Removing stm32h7xx_hal_i2c_ex.o(i.HAL_I2CEx_DisableFastModePlus), (44 bytes).
    Removing stm32h7xx_hal_i2c_ex.o(i.HAL_I2CEx_DisableWakeUp), (90 bytes).
    Removing stm32h7xx_hal_i2c_ex.o(i.HAL_I2CEx_EnableFastModePlus), (40 bytes).
    Removing stm32h7xx_hal_i2c_ex.o(i.HAL_I2CEx_EnableWakeUp), (90 bytes).
    Removing stm32h7xx_hal_exti.o(.rev16_text), (4 bytes).
    Removing stm32h7xx_hal_exti.o(.revsh_text), (4 bytes).
    Removing stm32h7xx_hal_exti.o(.rrx_text), (6 bytes).
    Removing stm32h7xx_hal_exti.o(i.HAL_EXTI_ClearConfigLine), (292 bytes).
    Removing stm32h7xx_hal_exti.o(i.HAL_EXTI_ClearPending), (48 bytes).
    Removing stm32h7xx_hal_exti.o(i.HAL_EXTI_GenerateSWI), (32 bytes).
    Removing stm32h7xx_hal_exti.o(i.HAL_EXTI_GetConfigLine), (312 bytes).
    Removing stm32h7xx_hal_exti.o(i.HAL_EXTI_GetHandle), (12 bytes).
    Removing stm32h7xx_hal_exti.o(i.HAL_EXTI_GetPending), (52 bytes).
    Removing stm32h7xx_hal_exti.o(i.HAL_EXTI_IRQHandler), (68 bytes).
    Removing stm32h7xx_hal_exti.o(i.HAL_EXTI_RegisterCallback), (24 bytes).
    Removing stm32h7xx_hal_exti.o(i.HAL_EXTI_SetConfigLine), (400 bytes).
    Removing system_stm32h7xx_dualcore_boot_cm4_cm7.o(.rev16_text), (4 bytes).
    Removing system_stm32h7xx_dualcore_boot_cm4_cm7.o(.revsh_text), (4 bytes).
    Removing system_stm32h7xx_dualcore_boot_cm4_cm7.o(.rrx_text), (6 bytes).
    Removing system_stm32h7xx_dualcore_boot_cm4_cm7.o(i.SystemCoreClockUpdate), (392 bytes).

504 unused section(s) (total 60728 bytes) removed from the image.

==============================================================================

Image Symbol Table

    Local Symbols

    Symbol Name                              Value     Ov Type        Size  Object(Section)

    ../CM7/Src/stm32h7xx_hal_msp.c           0x00000000   Number         0  stm32h7xx_hal_msp_1.o ABSOLUTE
    ../CM7/Src/stm32h7xx_it.c                0x00000000   Number         0  stm32h7xx_it_1.o ABSOLUTE
    ../Common/Src/system_stm32h7xx_dualcore_boot_cm4_cm7.c 0x00000000   Number         0  system_stm32h7xx_dualcore_boot_cm4_cm7.o ABSOLUTE
    ../Drivers/STM32H7xx_HAL_Driver/Src/stm32h7xx_hal.c 0x00000000   Number         0  stm32h7xx_hal.o ABSOLUTE
    ../Drivers/STM32H7xx_HAL_Driver/Src/stm32h7xx_hal_cortex.c 0x00000000   Number         0  stm32h7xx_hal_cortex.o ABSOLUTE
    ../Drivers/STM32H7xx_HAL_Driver/Src/stm32h7xx_hal_dma.c 0x00000000   Number         0  stm32h7xx_hal_dma.o ABSOLUTE
    ../Drivers/STM32H7xx_HAL_Driver/Src/stm32h7xx_hal_dma_ex.c 0x00000000   Number         0  stm32h7xx_hal_dma_ex.o ABSOLUTE
    ../Drivers/STM32H7xx_HAL_Driver/Src/stm32h7xx_hal_exti.c 0x00000000   Number         0  stm32h7xx_hal_exti.o ABSOLUTE
    ../Drivers/STM32H7xx_HAL_Driver/Src/stm32h7xx_hal_flash.c 0x00000000   Number         0  stm32h7xx_hal_flash.o ABSOLUTE
    ../Drivers/STM32H7xx_HAL_Driver/Src/stm32h7xx_hal_flash_ex.c 0x00000000   Number         0  stm32h7xx_hal_flash_ex.o ABSOLUTE
    ../Drivers/STM32H7xx_HAL_Driver/Src/stm32h7xx_hal_gpio.c 0x00000000   Number         0  stm32h7xx_hal_gpio.o ABSOLUTE
    ../Drivers/STM32H7xx_HAL_Driver/Src/stm32h7xx_hal_hsem.c 0x00000000   Number         0  stm32h7xx_hal_hsem.o ABSOLUTE
    ../Drivers/STM32H7xx_HAL_Driver/Src/stm32h7xx_hal_i2c.c 0x00000000   Number         0  stm32h7xx_hal_i2c.o ABSOLUTE
    ../Drivers/STM32H7xx_HAL_Driver/Src/stm32h7xx_hal_i2c_ex.c 0x00000000   Number         0  stm32h7xx_hal_i2c_ex.o ABSOLUTE
    ../Drivers/STM32H7xx_HAL_Driver/Src/stm32h7xx_hal_mdma.c 0x00000000   Number         0  stm32h7xx_hal_mdma.o ABSOLUTE
    ../Drivers/STM32H7xx_HAL_Driver/Src/stm32h7xx_hal_pwr.c 0x00000000   Number         0  stm32h7xx_hal_pwr.o ABSOLUTE
    ../Drivers/STM32H7xx_HAL_Driver/Src/stm32h7xx_hal_pwr_ex.c 0x00000000   Number         0  stm32h7xx_hal_pwr_ex.o ABSOLUTE
    ../Drivers/STM32H7xx_HAL_Driver/Src/stm32h7xx_hal_rcc.c 0x00000000   Number         0  stm32h7xx_hal_rcc.o ABSOLUTE
    ../Drivers/STM32H7xx_HAL_Driver/Src/stm32h7xx_hal_rcc_ex.c 0x00000000   Number         0  stm32h7xx_hal_rcc_ex.o ABSOLUTE
    ../Drivers/STM32H7xx_HAL_Driver/Src/stm32h7xx_hal_tim.c 0x00000000   Number         0  stm32h7xx_hal_tim.o ABSOLUTE
    ../Drivers/STM32H7xx_HAL_Driver/Src/stm32h7xx_hal_tim_ex.c 0x00000000   Number         0  stm32h7xx_hal_tim_ex.o ABSOLUTE
    ../Drivers/STM32H7xx_HAL_Driver/Src/stm32h7xx_hal_uart.c 0x00000000   Number         0  stm32h7xx_hal_uart.o ABSOLUTE
    ../Drivers/STM32H7xx_HAL_Driver/Src/stm32h7xx_hal_uart_ex.c 0x00000000   Number         0  stm32h7xx_hal_uart_ex.o ABSOLUTE
    ../clib/microlib/division.c              0x00000000   Number         0  uldiv.o ABSOLUTE
    ../clib/microlib/division.c              0x00000000   Number         0  uidiv.o ABSOLUTE
    ../clib/microlib/init/entry.s            0x00000000   Number         0  entry.o ABSOLUTE
    ../clib/microlib/init/entry.s            0x00000000   Number         0  entry5.o ABSOLUTE
    ../clib/microlib/init/entry.s            0x00000000   Number         0  entry11b.o ABSOLUTE
    ../clib/microlib/init/entry.s            0x00000000   Number         0  entry11a.o ABSOLUTE
    ../clib/microlib/init/entry.s            0x00000000   Number         0  entry10b.o ABSOLUTE
    ../clib/microlib/init/entry.s            0x00000000   Number         0  entry10a.o ABSOLUTE
    ../clib/microlib/init/entry.s            0x00000000   Number         0  entry9b.o ABSOLUTE
    ../clib/microlib/init/entry.s            0x00000000   Number         0  entry9a.o ABSOLUTE
    ../clib/microlib/init/entry.s            0x00000000   Number         0  entry8b.o ABSOLUTE
    ../clib/microlib/init/entry.s            0x00000000   Number         0  entry8a.o ABSOLUTE
    ../clib/microlib/init/entry.s            0x00000000   Number         0  entry7b.o ABSOLUTE
    ../clib/microlib/init/entry.s            0x00000000   Number         0  entry7a.o ABSOLUTE
    ../clib/microlib/init/entry.s            0x00000000   Number         0  entry2.o ABSOLUTE
    ../clib/microlib/longlong.c              0x00000000   Number         0  llshl.o ABSOLUTE
    ../clib/microlib/longlong.c              0x00000000   Number         0  llsshr.o ABSOLUTE
    ../clib/microlib/longlong.c              0x00000000   Number         0  llushr.o ABSOLUTE
    ../clib/microlib/printf/printf.c         0x00000000   Number         0  printfb.o ABSOLUTE
    ../clib/microlib/printf/printf.c         0x00000000   Number         0  printf1.o ABSOLUTE
    ../clib/microlib/printf/printf.c         0x00000000   Number         0  printf0.o ABSOLUTE
    ../clib/microlib/printf/printf.c         0x00000000   Number         0  printf6.o ABSOLUTE
    ../clib/microlib/printf/printf.c         0x00000000   Number         0  printfa.o ABSOLUTE
    ../clib/microlib/printf/printf.c         0x00000000   Number         0  printf8.o ABSOLUTE
    ../clib/microlib/printf/printf.c         0x00000000   Number         0  printf7.o ABSOLUTE
    ../clib/microlib/printf/printf.c         0x00000000   Number         0  printf5.o ABSOLUTE
    ../clib/microlib/printf/printf.c         0x00000000   Number         0  printf4.o ABSOLUTE
    ../clib/microlib/printf/printf.c         0x00000000   Number         0  printf3.o ABSOLUTE
    ../clib/microlib/printf/printf.c         0x00000000   Number         0  printf2.o ABSOLUTE
    ../clib/microlib/printf/stubs.s          0x00000000   Number         0  stubs.o ABSOLUTE
    ../clib/microlib/stdio/streams.c         0x00000000   Number         0  stdout.o ABSOLUTE
    ../clib/microlib/string/memset.c         0x00000000   Number         0  memseta.o ABSOLUTE
    ../clib/microlib/stubs.s                 0x00000000   Number         0  iusefp.o ABSOLUTE
    ../fplib/microlib/fpadd.c                0x00000000   Number         0  dadd.o ABSOLUTE
    ../fplib/microlib/fpdiv.c                0x00000000   Number         0  ddiv.o ABSOLUTE
    ../fplib/microlib/fpepilogue.c           0x00000000   Number         0  depilogue.o ABSOLUTE
    ../fplib/microlib/fpfix.c                0x00000000   Number         0  dfixul.o ABSOLUTE
    ../fplib/microlib/fpmul.c                0x00000000   Number         0  dmul.o ABSOLUTE
    ..\CM7\Src\stm32h7xx_hal_msp.c           0x00000000   Number         0  stm32h7xx_hal_msp_1.o ABSOLUTE
    ..\CM7\Src\stm32h7xx_it.c                0x00000000   Number         0  stm32h7xx_it_1.o ABSOLUTE
    ..\Common\Src\system_stm32h7xx_dualcore_boot_cm4_cm7.c 0x00000000   Number         0  system_stm32h7xx_dualcore_boot_cm4_cm7.o ABSOLUTE
    ..\Drivers\STM32H7xx_HAL_Driver\Src\stm32h7xx_hal.c 0x00000000   Number         0  stm32h7xx_hal.o ABSOLUTE
    ..\Drivers\STM32H7xx_HAL_Driver\Src\stm32h7xx_hal_cortex.c 0x00000000   Number         0  stm32h7xx_hal_cortex.o ABSOLUTE
    ..\Drivers\STM32H7xx_HAL_Driver\Src\stm32h7xx_hal_dma.c 0x00000000   Number         0  stm32h7xx_hal_dma.o ABSOLUTE
    ..\Drivers\STM32H7xx_HAL_Driver\Src\stm32h7xx_hal_dma_ex.c 0x00000000   Number         0  stm32h7xx_hal_dma_ex.o ABSOLUTE
    ..\Drivers\STM32H7xx_HAL_Driver\Src\stm32h7xx_hal_exti.c 0x00000000   Number         0  stm32h7xx_hal_exti.o ABSOLUTE
    ..\Drivers\STM32H7xx_HAL_Driver\Src\stm32h7xx_hal_flash.c 0x00000000   Number         0  stm32h7xx_hal_flash.o ABSOLUTE
    ..\Drivers\STM32H7xx_HAL_Driver\Src\stm32h7xx_hal_flash_ex.c 0x00000000   Number         0  stm32h7xx_hal_flash_ex.o ABSOLUTE
    ..\Drivers\STM32H7xx_HAL_Driver\Src\stm32h7xx_hal_gpio.c 0x00000000   Number         0  stm32h7xx_hal_gpio.o ABSOLUTE
    ..\Drivers\STM32H7xx_HAL_Driver\Src\stm32h7xx_hal_hsem.c 0x00000000   Number         0  stm32h7xx_hal_hsem.o ABSOLUTE
    ..\Drivers\STM32H7xx_HAL_Driver\Src\stm32h7xx_hal_i2c.c 0x00000000   Number         0  stm32h7xx_hal_i2c.o ABSOLUTE
    ..\Drivers\STM32H7xx_HAL_Driver\Src\stm32h7xx_hal_i2c_ex.c 0x00000000   Number         0  stm32h7xx_hal_i2c_ex.o ABSOLUTE
    ..\Drivers\STM32H7xx_HAL_Driver\Src\stm32h7xx_hal_mdma.c 0x00000000   Number         0  stm32h7xx_hal_mdma.o ABSOLUTE
    ..\Drivers\STM32H7xx_HAL_Driver\Src\stm32h7xx_hal_pwr.c 0x00000000   Number         0  stm32h7xx_hal_pwr.o ABSOLUTE
    ..\Drivers\STM32H7xx_HAL_Driver\Src\stm32h7xx_hal_pwr_ex.c 0x00000000   Number         0  stm32h7xx_hal_pwr_ex.o ABSOLUTE
    ..\Drivers\STM32H7xx_HAL_Driver\Src\stm32h7xx_hal_rcc.c 0x00000000   Number         0  stm32h7xx_hal_rcc.o ABSOLUTE
    ..\Drivers\STM32H7xx_HAL_Driver\Src\stm32h7xx_hal_rcc_ex.c 0x00000000   Number         0  stm32h7xx_hal_rcc_ex.o ABSOLUTE
    ..\Drivers\STM32H7xx_HAL_Driver\Src\stm32h7xx_hal_tim.c 0x00000000   Number         0  stm32h7xx_hal_tim.o ABSOLUTE
    ..\Drivers\STM32H7xx_HAL_Driver\Src\stm32h7xx_hal_tim_ex.c 0x00000000   Number         0  stm32h7xx_hal_tim_ex.o ABSOLUTE
    ..\Drivers\STM32H7xx_HAL_Driver\Src\stm32h7xx_hal_uart.c 0x00000000   Number         0  stm32h7xx_hal_uart.o ABSOLUTE
    ..\Drivers\STM32H7xx_HAL_Driver\Src\stm32h7xx_hal_uart_ex.c 0x00000000   Number         0  stm32h7xx_hal_uart_ex.o ABSOLUTE
    cdrcmple.s                               0x00000000   Number         0  cdrcmple.o ABSOLUTE
    core_list_join.c                         0x00000000   Number         0  core_list_join.o ABSOLUTE
    core_list_join.c                         0x00000000   Number         0  core_list_join.o ABSOLUTE
    core_main.c                              0x00000000   Number         0  core_main.o ABSOLUTE
    core_main.c                              0x00000000   Number         0  core_main.o ABSOLUTE
    core_matrix.c                            0x00000000   Number         0  core_matrix.o ABSOLUTE
    core_matrix.c                            0x00000000   Number         0  core_matrix.o ABSOLUTE
    core_portme.c                            0x00000000   Number         0  core_portme.o ABSOLUTE
    core_portme.c                            0x00000000   Number         0  core_portme.o ABSOLUTE
    core_state.c                             0x00000000   Number         0  core_state.o ABSOLUTE
    core_state.c                             0x00000000   Number         0  core_state.o ABSOLUTE
    core_util.c                              0x00000000   Number         0  core_util.o ABSOLUTE
    core_util.c                              0x00000000   Number         0  core_util.o ABSOLUTE
    dc.s                                     0x00000000   Number         0  dc.o ABSOLUTE
    handlers.s                               0x00000000   Number         0  handlers.o ABSOLUTE
    init.s                                   0x00000000   Number         0  init.o ABSOLUTE
    startup_stm32h745xx_CM7.s                0x00000000   Number         0  startup_stm32h745xx_cm7.o ABSOLUTE
    RESET                                    0x08000000   Section      664  startup_stm32h745xx_cm7.o(RESET)
    .ARM.Collect$$$$00000000                 0x08000298   Section        0  entry.o(.ARM.Collect$$$$00000000)
    .ARM.Collect$$$$00000001                 0x08000298   Section        4  entry2.o(.ARM.Collect$$$$00000001)
    .ARM.Collect$$$$00000004                 0x0800029c   Section        4  entry5.o(.ARM.Collect$$$$00000004)
    .ARM.Collect$$$$00000008                 0x080002a0   Section        0  entry7b.o(.ARM.Collect$$$$00000008)
    .ARM.Collect$$$$0000000A                 0x080002a0   Section        0  entry8b.o(.ARM.Collect$$$$0000000A)
    .ARM.Collect$$$$0000000B                 0x080002a0   Section        8  entry9a.o(.ARM.Collect$$$$0000000B)
    .ARM.Collect$$$$0000000D                 0x080002a8   Section        0  entry10a.o(.ARM.Collect$$$$0000000D)
    .ARM.Collect$$$$0000000F                 0x080002a8   Section        0  entry11a.o(.ARM.Collect$$$$0000000F)
    .ARM.Collect$$$$00002712                 0x080002a8   Section        4  entry2.o(.ARM.Collect$$$$00002712)
    __lit__00000000                          0x080002a8   Data           4  entry2.o(.ARM.Collect$$$$00002712)
    .text                                    0x080002ac   Section       36  startup_stm32h745xx_cm7.o(.text)
    $v0                                      0x080002ac   Number         0  startup_stm32h745xx_cm7.o(.text)
    .text                                    0x080002d0   Section        0  uldiv.o(.text)
    .text                                    0x08000332   Section        0  memseta.o(.text)
    .text                                    0x08000356   Section        0  uidiv.o(.text)
    .text                                    0x08000382   Section        0  llshl.o(.text)
    .text                                    0x080003a0   Section        0  llushr.o(.text)
    .text                                    0x080003c0   Section        0  iusefp.o(.text)
    .text                                    0x080003c0   Section        0  dadd.o(.text)
    .text                                    0x0800050e   Section        0  dmul.o(.text)
    .text                                    0x080005f2   Section        0  ddiv.o(.text)
    .text                                    0x080006d0   Section        0  dfixul.o(.text)
    .text                                    0x08000700   Section       48  cdrcmple.o(.text)
    .text                                    0x08000730   Section       36  init.o(.text)
    .text                                    0x08000754   Section        0  llsshr.o(.text)
    .text                                    0x08000778   Section        0  depilogue.o(.text)
    i.BusFault_Handler                       0x08000832   Section        0  stm32h7xx_it_1.o(i.BusFault_Handler)
    i.DebugMon_Handler                       0x08000834   Section        0  stm32h7xx_it_1.o(i.DebugMon_Handler)
    i.HAL_GPIO_Init                          0x08000838   Section        0  stm32h7xx_hal_gpio.o(i.HAL_GPIO_Init)
    i.HAL_GetCurrentCPUID                    0x08000a6c   Section        0  stm32h7xx_hal_cortex.o(i.HAL_GetCurrentCPUID)
    i.HAL_GetREVID                           0x08000a84   Section        0  stm32h7xx_hal.o(i.HAL_GetREVID)
    i.HAL_GetTick                            0x08000a90   Section        0  stm32h7xx_hal.o(i.HAL_GetTick)
    i.HAL_HSEM_FastTake                      0x08000a9c   Section        0  stm32h7xx_hal_hsem.o(i.HAL_HSEM_FastTake)
    i.HAL_HSEM_Release                       0x08000abc   Section        0  stm32h7xx_hal_hsem.o(i.HAL_HSEM_Release)
    i.HAL_Init                               0x08000ad0   Section        0  stm32h7xx_hal.o(i.HAL_Init)
    i.HAL_InitTick                           0x08000b30   Section        0  stm32h7xx_hal.o(i.HAL_InitTick)
    i.HAL_MspInit                            0x08000b90   Section        0  stm32h7xx_hal_msp_1.o(i.HAL_MspInit)
    i.HAL_NVIC_SetPriority                   0x08000bac   Section        0  stm32h7xx_hal_cortex.o(i.HAL_NVIC_SetPriority)
    i.HAL_NVIC_SetPriorityGrouping           0x08000c0c   Section        0  stm32h7xx_hal_cortex.o(i.HAL_NVIC_SetPriorityGrouping)
    i.HAL_PWREx_ConfigSupply                 0x08000c30   Section        0  stm32h7xx_hal_pwr_ex.o(i.HAL_PWREx_ConfigSupply)
    i.HAL_RCCEx_GetD1SysClockFreq            0x08000cc8   Section        0  stm32h7xx_hal_rcc_ex.o(i.HAL_RCCEx_GetD1SysClockFreq)
    i.HAL_RCCEx_GetD3PCLK1Freq               0x08000cf4   Section        0  stm32h7xx_hal_rcc_ex.o(i.HAL_RCCEx_GetD3PCLK1Freq)
    i.HAL_RCCEx_GetPLL2ClockFreq             0x08000d18   Section        0  stm32h7xx_hal_rcc_ex.o(i.HAL_RCCEx_GetPLL2ClockFreq)
    i.HAL_RCCEx_GetPLL3ClockFreq             0x08000ec4   Section        0  stm32h7xx_hal_rcc_ex.o(i.HAL_RCCEx_GetPLL3ClockFreq)
    i.HAL_RCCEx_PeriphCLKConfig              0x08001070   Section        0  stm32h7xx_hal_rcc_ex.o(i.HAL_RCCEx_PeriphCLKConfig)
    i.HAL_RCC_ClockConfig                    0x080019e0   Section        0  stm32h7xx_hal_rcc.o(i.HAL_RCC_ClockConfig)
    i.HAL_RCC_GetHCLKFreq                    0x08001c50   Section        0  stm32h7xx_hal_rcc.o(i.HAL_RCC_GetHCLKFreq)
    i.HAL_RCC_GetPCLK1Freq                   0x08001c7c   Section        0  stm32h7xx_hal_rcc.o(i.HAL_RCC_GetPCLK1Freq)
    i.HAL_RCC_GetPCLK2Freq                   0x08001cc0   Section        0  stm32h7xx_hal_rcc.o(i.HAL_RCC_GetPCLK2Freq)
    i.HAL_RCC_GetSysClockFreq                0x08001d04   Section        0  stm32h7xx_hal_rcc.o(i.HAL_RCC_GetSysClockFreq)
    i.HAL_RCC_OscConfig                      0x08001eac   Section        0  stm32h7xx_hal_rcc.o(i.HAL_RCC_OscConfig)
    i.HAL_SYSTICK_Config                     0x08002450   Section        0  stm32h7xx_hal_cortex.o(i.HAL_SYSTICK_Config)
    i.HAL_UARTEx_DisableFifoMode             0x08002478   Section        0  stm32h7xx_hal_uart_ex.o(i.HAL_UARTEx_DisableFifoMode)
    i.HAL_UARTEx_EnableFifoMode              0x080024c0   Section        0  stm32h7xx_hal_uart_ex.o(i.HAL_UARTEx_EnableFifoMode)
    i.HAL_UARTEx_SetRxFifoThreshold          0x08002578   Section        0  stm32h7xx_hal_uart_ex.o(i.HAL_UARTEx_SetRxFifoThreshold)
    i.HAL_UARTEx_SetTxFifoThreshold          0x0800261c   Section        0  stm32h7xx_hal_uart_ex.o(i.HAL_UARTEx_SetTxFifoThreshold)
    i.HAL_UART_Init                          0x080026c0   Section        0  stm32h7xx_hal_uart.o(i.HAL_UART_Init)
    i.HAL_UART_MspInit                       0x08002730   Section        0  stm32h7xx_hal_msp_1.o(i.HAL_UART_MspInit)
    i.HAL_UART_Transmit                      0x080027a0   Section        0  stm32h7xx_hal_uart.o(i.HAL_UART_Transmit)
    i.HardFault_Handler                      0x0800286c   Section        0  stm32h7xx_it_1.o(i.HardFault_Handler)
    i.MemManage_Handler                      0x0800286e   Section        0  stm32h7xx_it_1.o(i.MemManage_Handler)
    i.NMI_Handler                            0x08002870   Section        0  stm32h7xx_it_1.o(i.NMI_Handler)
    i.PendSV_Handler                         0x08002872   Section        0  stm32h7xx_it_1.o(i.PendSV_Handler)
    i.RCCEx_PLL2_Config                      0x08002874   Section        0  stm32h7xx_hal_rcc_ex.o(i.RCCEx_PLL2_Config)
    RCCEx_PLL2_Config                        0x08002875   Thumb Code   306  stm32h7xx_hal_rcc_ex.o(i.RCCEx_PLL2_Config)
    i.RCCEx_PLL3_Config                      0x080029b8   Section        0  stm32h7xx_hal_rcc_ex.o(i.RCCEx_PLL3_Config)
    RCCEx_PLL3_Config                        0x080029b9   Thumb Code   306  stm32h7xx_hal_rcc_ex.o(i.RCCEx_PLL3_Config)
    i.SVC_Handler                            0x08002afc   Section        0  stm32h7xx_it_1.o(i.SVC_Handler)
    i.SysTick_Handler                        0x08002b00   Section        0  stm32h7xx_it_1.o(i.SysTick_Handler)
    i.SystemClock_Config                     0x08002b10   Section        0  core_portme.o(i.SystemClock_Config)
    i.SystemInit                             0x08002bc8   Section        0  system_stm32h7xx_dualcore_boot_cm4_cm7.o(i.SystemInit)
    i.UART_AdvFeatureConfig                  0x08002cac   Section        0  stm32h7xx_hal_uart.o(i.UART_AdvFeatureConfig)
    i.UART_CheckIdleState                    0x08002d86   Section        0  stm32h7xx_hal_uart.o(i.UART_CheckIdleState)
    i.UART_SetConfig                         0x08002de8   Section        0  stm32h7xx_hal_uart.o(i.UART_SetConfig)
    i.UART_WaitOnFlagUntilTimeout            0x08003c5c   Section        0  stm32h7xx_hal_uart.o(i.UART_WaitOnFlagUntilTimeout)
    i.UsageFault_Handler                     0x08003d1e   Section        0  stm32h7xx_it_1.o(i.UsageFault_Handler)
    i.__0printf                              0x08003d20   Section        0  printfa.o(i.__0printf)
    i.__scatterload_copy                     0x08003d40   Section       14  handlers.o(i.__scatterload_copy)
    i.__scatterload_null                     0x08003d4e   Section        2  handlers.o(i.__scatterload_null)
    i.__scatterload_zeroinit                 0x08003d50   Section       14  handlers.o(i.__scatterload_zeroinit)
    i._fp_digits                             0x08003d60   Section        0  printfa.o(i._fp_digits)
    _fp_digits                               0x08003d61   Thumb Code   366  printfa.o(i._fp_digits)
    i._printf_core                           0x08003ee4   Section        0  printfa.o(i._printf_core)
    _printf_core                             0x08003ee5   Thumb Code  1744  printfa.o(i._printf_core)
    i._printf_post_padding                   0x080045c0   Section        0  printfa.o(i._printf_post_padding)
    _printf_post_padding                     0x080045c1   Thumb Code    36  printfa.o(i._printf_post_padding)
    i._printf_pre_padding                    0x080045e4   Section        0  printfa.o(i._printf_pre_padding)
    _printf_pre_padding                      0x080045e5   Thumb Code    46  printfa.o(i._printf_pre_padding)
    i.calc_func                              0x08004612   Section        0  core_list_join.o(i.calc_func)
    i.check_data_types                       0x080046a2   Section        0  core_util.o(i.check_data_types)
    i.cmp_complex                            0x080046a6   Section        0  core_list_join.o(i.cmp_complex)
    i.cmp_idx                                0x080046c0   Section        0  core_list_join.o(i.cmp_idx)
    i.core_bench_list                        0x080046ec   Section        0  core_list_join.o(i.core_bench_list)
    i.core_bench_matrix                      0x08004868   Section        0  core_matrix.o(i.core_bench_matrix)
    i.core_bench_state                       0x0800488c   Section        0  core_state.o(i.core_bench_state)
    i.core_init_matrix                       0x08004978   Section        0  core_matrix.o(i.core_init_matrix)
    i.core_init_state                        0x08004a20   Section        0  core_state.o(i.core_init_state)
    i.core_list_init                         0x08004b2c   Section        0  core_list_join.o(i.core_list_init)
    i.core_list_mergesort                    0x08004c40   Section        0  core_list_join.o(i.core_list_mergesort)
    i.core_state_transition                  0x08004ce6   Section        0  core_state.o(i.core_state_transition)
    i.crc16                                  0x08004e88   Section        0  core_util.o(i.crc16)
    i.crcu16                                 0x08004ecc   Section        0  core_util.o(i.crcu16)
    i.crcu32                                 0x08004f10   Section        0  core_util.o(i.crcu32)
    i.fputc                                  0x08004f28   Section        0  core_portme.o(i.fputc)
    i.get_seed_32                            0x08004f44   Section        0  core_util.o(i.get_seed_32)
    i.get_time                               0x08004f84   Section        0  core_portme.o(i.get_time)
    i.main                                   0x08004f90   Section        0  core_main.o(i.main)
    i.matrix_sum                             0x08005910   Section        0  core_matrix.o(i.matrix_sum)
    i.matrix_test                            0x08005968   Section        0  core_matrix.o(i.matrix_test)
    i.portable_fini                          0x08005c42   Section        0  core_portme.o(i.portable_fini)
    i.portable_init                          0x08005c48   Section        0  core_portme.o(i.portable_init)
    i.start_time                             0x08005e70   Section        0  core_portme.o(i.start_time)
    i.stop_time                              0x08005eb0   Section        0  core_portme.o(i.stop_time)
    i.time_in_secs                           0x08005ec8   Section        0  core_portme.o(i.time_in_secs)
    .constdata                               0x08005ee8   Section       16  system_stm32h7xx_dualcore_boot_cm4_cm7.o(.constdata)
    .conststring                             0x08005ef8   Section      173  core_main.o(.conststring)
    .conststring                             0x08005fa8   Section      173  core_state.o(.conststring)
    .data                                    0x20000000   Section       30  core_main.o(.data)
    list_known_crc                           0x20000000   Data          10  core_main.o(.data)
    matrix_known_crc                         0x2000000a   Data          10  core_main.o(.data)
    state_known_crc                          0x20000014   Data          10  core_main.o(.data)
    .data                                    0x20000020   Section       64  core_state.o(.data)
    intpat                                   0x20000020   Data          16  core_state.o(.data)
    floatpat                                 0x20000030   Data          16  core_state.o(.data)
    scipat                                   0x20000040   Data          16  core_state.o(.data)
    errpat                                   0x20000050   Data          16  core_state.o(.data)
    .data                                    0x20000060   Section        4  core_portme.o(.data)
    .data                                    0x20000064   Section        4  core_portme.o(.data)
    .data                                    0x20000068   Section        4  core_portme.o(.data)
    .data                                    0x2000006c   Section        4  core_portme.o(.data)
    .data                                    0x20000070   Section        4  core_portme.o(.data)
    .data                                    0x20000074   Section        4  core_portme.o(.data)
    .data                                    0x20000078   Section        4  core_portme.o(.data)
    .data                                    0x2000007c   Section       12  stm32h7xx_hal.o(.data)
    .data                                    0x20000088   Section        8  system_stm32h7xx_dualcore_boot_cm4_cm7.o(.data)
    .data                                    0x20000090   Section        4  stdout.o(.data)
    .bss                                     0x20000094   Section      140  core_portme.o(.bss)
    STACK                                    0x20000120   Section    20480  startup_stm32h745xx_cm7.o(STACK)

    Global Symbols

    Symbol Name                              Value     Ov Type        Size  Object(Section)

    BuildAttributes$$THM_ISAv4$E$P$D$K$B$S$7EM$VFPv5_D16$PE$PLD8$A:L22UL41UL21$X:L11$S22US41US21$IEEE1$IW$USESV6$~STKCKD$USESV7$~SHL$OTIME$ROPI$EBA8$MICROLIB$REQ8$PRES8$EABIv2 0x00000000   Number         0  anon$$obj.o ABSOLUTE
    _printf_a                                0x00000000   Number         0  stubs.o ABSOLUTE
    _printf_c                                0x00000000   Number         0  stubs.o ABSOLUTE
    _printf_charcount                        0x00000000   Number         0  stubs.o ABSOLUTE
    _printf_d                                0x00000000   Number         0  stubs.o ABSOLUTE
    _printf_e                                0x00000000   Number         0  stubs.o ABSOLUTE
    _printf_f                                0x00000000   Number         0  stubs.o ABSOLUTE
    _printf_flags                            0x00000000   Number         0  stubs.o ABSOLUTE
    _printf_fp_dec                           0x00000000   Number         0  stubs.o ABSOLUTE
    _printf_fp_hex                           0x00000000   Number         0  stubs.o ABSOLUTE
    _printf_g                                0x00000000   Number         0  stubs.o ABSOLUTE
    _printf_i                                0x00000000   Number         0  stubs.o ABSOLUTE
    _printf_int_dec                          0x00000000   Number         0  stubs.o ABSOLUTE
    _printf_l                                0x00000000   Number         0  stubs.o ABSOLUTE
    _printf_lc                               0x00000000   Number         0  stubs.o ABSOLUTE
    _printf_ll                               0x00000000   Number         0  stubs.o ABSOLUTE
    _printf_lld                              0x00000000   Number         0  stubs.o ABSOLUTE
    _printf_lli                              0x00000000   Number         0  stubs.o ABSOLUTE
    _printf_llo                              0x00000000   Number         0  stubs.o ABSOLUTE
    _printf_llu                              0x00000000   Number         0  stubs.o ABSOLUTE
    _printf_llx                              0x00000000   Number         0  stubs.o ABSOLUTE
    _printf_longlong_dec                     0x00000000   Number         0  stubs.o ABSOLUTE
    _printf_longlong_hex                     0x00000000   Number         0  stubs.o ABSOLUTE
    _printf_longlong_oct                     0x00000000   Number         0  stubs.o ABSOLUTE
    _printf_ls                               0x00000000   Number         0  stubs.o ABSOLUTE
    _printf_mbtowc                           0x00000000   Number         0  stubs.o ABSOLUTE
    _printf_n                                0x00000000   Number         0  stubs.o ABSOLUTE
    _printf_o                                0x00000000   Number         0  stubs.o ABSOLUTE
    _printf_p                                0x00000000   Number         0  stubs.o ABSOLUTE
    _printf_percent                          0x00000000   Number         0  stubs.o ABSOLUTE
    _printf_pre_padding                      0x00000000   Number         0  stubs.o ABSOLUTE
    _printf_return_value                     0x00000000   Number         0  stubs.o ABSOLUTE
    _printf_s                                0x00000000   Number         0  stubs.o ABSOLUTE
    _printf_sizespec                         0x00000000   Number         0  stubs.o ABSOLUTE
    _printf_str                              0x00000000   Number         0  stubs.o ABSOLUTE
    _printf_truncate_signed                  0x00000000   Number         0  stubs.o ABSOLUTE
    _printf_truncate_unsigned                0x00000000   Number         0  stubs.o ABSOLUTE
    _printf_u                                0x00000000   Number         0  stubs.o ABSOLUTE
    _printf_wc                               0x00000000   Number         0  stubs.o ABSOLUTE
    _printf_wctomb                           0x00000000   Number         0  stubs.o ABSOLUTE
    _printf_widthprec                        0x00000000   Number         0  stubs.o ABSOLUTE
    _printf_x                                0x00000000   Number         0  stubs.o ABSOLUTE
    __cpp_initialize__aeabi_                  - Undefined Weak Reference
    __cxa_finalize                            - Undefined Weak Reference
    __decompress                              - Undefined Weak Reference
    _clock_init                               - Undefined Weak Reference
    _microlib_exit                            - Undefined Weak Reference
    __Vectors_Size                           0x00000298   Number         0  startup_stm32h745xx_cm7.o ABSOLUTE
    __Vectors                                0x08000000   Data           4  startup_stm32h745xx_cm7.o(RESET)
    __Vectors_End                            0x08000298   Data           0  startup_stm32h745xx_cm7.o(RESET)
    __main                                   0x08000299   Thumb Code     0  entry.o(.ARM.Collect$$$$00000000)
    _main_stk                                0x08000299   Thumb Code     0  entry2.o(.ARM.Collect$$$$00000001)
    _main_scatterload                        0x0800029d   Thumb Code     0  entry5.o(.ARM.Collect$$$$00000004)
    __main_after_scatterload                 0x080002a1   Thumb Code     0  entry5.o(.ARM.Collect$$$$00000004)
    _main_clock                              0x080002a1   Thumb Code     0  entry7b.o(.ARM.Collect$$$$00000008)
    _main_cpp_init                           0x080002a1   Thumb Code     0  entry8b.o(.ARM.Collect$$$$0000000A)
    _main_init                               0x080002a1   Thumb Code     0  entry9a.o(.ARM.Collect$$$$0000000B)
    __rt_final_cpp                           0x080002a9   Thumb Code     0  entry10a.o(.ARM.Collect$$$$0000000D)
    __rt_final_exit                          0x080002a9   Thumb Code     0  entry11a.o(.ARM.Collect$$$$0000000F)
    Reset_Handler                            0x080002ad   Thumb Code     8  startup_stm32h745xx_cm7.o(.text)
    ADC3_IRQHandler                          0x080002c7   Thumb Code     0  startup_stm32h745xx_cm7.o(.text)
    ADC_IRQHandler                           0x080002c7   Thumb Code     0  startup_stm32h745xx_cm7.o(.text)
    BDMA_Channel0_IRQHandler                 0x080002c7   Thumb Code     0  startup_stm32h745xx_cm7.o(.text)
    BDMA_Channel1_IRQHandler                 0x080002c7   Thumb Code     0  startup_stm32h745xx_cm7.o(.text)
    BDMA_Channel2_IRQHandler                 0x080002c7   Thumb Code     0  startup_stm32h745xx_cm7.o(.text)
    BDMA_Channel3_IRQHandler                 0x080002c7   Thumb Code     0  startup_stm32h745xx_cm7.o(.text)
    BDMA_Channel4_IRQHandler                 0x080002c7   Thumb Code     0  startup_stm32h745xx_cm7.o(.text)
    BDMA_Channel5_IRQHandler                 0x080002c7   Thumb Code     0  startup_stm32h745xx_cm7.o(.text)
    BDMA_Channel6_IRQHandler                 0x080002c7   Thumb Code     0  startup_stm32h745xx_cm7.o(.text)
    BDMA_Channel7_IRQHandler                 0x080002c7   Thumb Code     0  startup_stm32h745xx_cm7.o(.text)
    CEC_IRQHandler                           0x080002c7   Thumb Code     0  startup_stm32h745xx_cm7.o(.text)
    CM4_SEV_IRQHandler                       0x080002c7   Thumb Code     0  startup_stm32h745xx_cm7.o(.text)
    CM7_SEV_IRQHandler                       0x080002c7   Thumb Code     0  startup_stm32h745xx_cm7.o(.text)
    COMP1_IRQHandler                         0x080002c7   Thumb Code     0  startup_stm32h745xx_cm7.o(.text)
    CRS_IRQHandler                           0x080002c7   Thumb Code     0  startup_stm32h745xx_cm7.o(.text)
    DCMI_IRQHandler                          0x080002c7   Thumb Code     0  startup_stm32h745xx_cm7.o(.text)
    DFSDM1_FLT0_IRQHandler                   0x080002c7   Thumb Code     0  startup_stm32h745xx_cm7.o(.text)
    DFSDM1_FLT1_IRQHandler                   0x080002c7   Thumb Code     0  startup_stm32h745xx_cm7.o(.text)
    DFSDM1_FLT2_IRQHandler                   0x080002c7   Thumb Code     0  startup_stm32h745xx_cm7.o(.text)
    DFSDM1_FLT3_IRQHandler                   0x080002c7   Thumb Code     0  startup_stm32h745xx_cm7.o(.text)
    DMA1_Stream0_IRQHandler                  0x080002c7   Thumb Code     0  startup_stm32h745xx_cm7.o(.text)
    DMA1_Stream1_IRQHandler                  0x080002c7   Thumb Code     0  startup_stm32h745xx_cm7.o(.text)
    DMA1_Stream2_IRQHandler                  0x080002c7   Thumb Code     0  startup_stm32h745xx_cm7.o(.text)
    DMA1_Stream3_IRQHandler                  0x080002c7   Thumb Code     0  startup_stm32h745xx_cm7.o(.text)
    DMA1_Stream4_IRQHandler                  0x080002c7   Thumb Code     0  startup_stm32h745xx_cm7.o(.text)
    DMA1_Stream5_IRQHandler                  0x080002c7   Thumb Code     0  startup_stm32h745xx_cm7.o(.text)
    DMA1_Stream6_IRQHandler                  0x080002c7   Thumb Code     0  startup_stm32h745xx_cm7.o(.text)
    DMA1_Stream7_IRQHandler                  0x080002c7   Thumb Code     0  startup_stm32h745xx_cm7.o(.text)
    DMA2D_IRQHandler                         0x080002c7   Thumb Code     0  startup_stm32h745xx_cm7.o(.text)
    DMA2_Stream0_IRQHandler                  0x080002c7   Thumb Code     0  startup_stm32h745xx_cm7.o(.text)
    DMA2_Stream1_IRQHandler                  0x080002c7   Thumb Code     0  startup_stm32h745xx_cm7.o(.text)
    DMA2_Stream2_IRQHandler                  0x080002c7   Thumb Code     0  startup_stm32h745xx_cm7.o(.text)
    DMA2_Stream3_IRQHandler                  0x080002c7   Thumb Code     0  startup_stm32h745xx_cm7.o(.text)
    DMA2_Stream4_IRQHandler                  0x080002c7   Thumb Code     0  startup_stm32h745xx_cm7.o(.text)
    DMA2_Stream5_IRQHandler                  0x080002c7   Thumb Code     0  startup_stm32h745xx_cm7.o(.text)
    DMA2_Stream6_IRQHandler                  0x080002c7   Thumb Code     0  startup_stm32h745xx_cm7.o(.text)
    DMA2_Stream7_IRQHandler                  0x080002c7   Thumb Code     0  startup_stm32h745xx_cm7.o(.text)
    DMAMUX1_OVR_IRQHandler                   0x080002c7   Thumb Code     0  startup_stm32h745xx_cm7.o(.text)
    DMAMUX2_OVR_IRQHandler                   0x080002c7   Thumb Code     0  startup_stm32h745xx_cm7.o(.text)
    ECC_IRQHandler                           0x080002c7   Thumb Code     0  startup_stm32h745xx_cm7.o(.text)
    ETH_IRQHandler                           0x080002c7   Thumb Code     0  startup_stm32h745xx_cm7.o(.text)
    ETH_WKUP_IRQHandler                      0x080002c7   Thumb Code     0  startup_stm32h745xx_cm7.o(.text)
    EXTI0_IRQHandler                         0x080002c7   Thumb Code     0  startup_stm32h745xx_cm7.o(.text)
    EXTI15_10_IRQHandler                     0x080002c7   Thumb Code     0  startup_stm32h745xx_cm7.o(.text)
    EXTI1_IRQHandler                         0x080002c7   Thumb Code     0  startup_stm32h745xx_cm7.o(.text)
    EXTI2_IRQHandler                         0x080002c7   Thumb Code     0  startup_stm32h745xx_cm7.o(.text)
    EXTI3_IRQHandler                         0x080002c7   Thumb Code     0  startup_stm32h745xx_cm7.o(.text)
    EXTI4_IRQHandler                         0x080002c7   Thumb Code     0  startup_stm32h745xx_cm7.o(.text)
    EXTI9_5_IRQHandler                       0x080002c7   Thumb Code     0  startup_stm32h745xx_cm7.o(.text)
    FDCAN1_IT0_IRQHandler                    0x080002c7   Thumb Code     0  startup_stm32h745xx_cm7.o(.text)
    FDCAN1_IT1_IRQHandler                    0x080002c7   Thumb Code     0  startup_stm32h745xx_cm7.o(.text)
    FDCAN2_IT0_IRQHandler                    0x080002c7   Thumb Code     0  startup_stm32h745xx_cm7.o(.text)
    FDCAN2_IT1_IRQHandler                    0x080002c7   Thumb Code     0  startup_stm32h745xx_cm7.o(.text)
    FDCAN_CAL_IRQHandler                     0x080002c7   Thumb Code     0  startup_stm32h745xx_cm7.o(.text)
    FLASH_IRQHandler                         0x080002c7   Thumb Code     0  startup_stm32h745xx_cm7.o(.text)
    FMC_IRQHandler                           0x080002c7   Thumb Code     0  startup_stm32h745xx_cm7.o(.text)
    FPU_IRQHandler                           0x080002c7   Thumb Code     0  startup_stm32h745xx_cm7.o(.text)
    HOLD_CORE_IRQHandler                     0x080002c7   Thumb Code     0  startup_stm32h745xx_cm7.o(.text)
    HRTIM1_FLT_IRQHandler                    0x080002c7   Thumb Code     0  startup_stm32h745xx_cm7.o(.text)
    HRTIM1_Master_IRQHandler                 0x080002c7   Thumb Code     0  startup_stm32h745xx_cm7.o(.text)
    HRTIM1_TIMA_IRQHandler                   0x080002c7   Thumb Code     0  startup_stm32h745xx_cm7.o(.text)
    HRTIM1_TIMB_IRQHandler                   0x080002c7   Thumb Code     0  startup_stm32h745xx_cm7.o(.text)
    HRTIM1_TIMC_IRQHandler                   0x080002c7   Thumb Code     0  startup_stm32h745xx_cm7.o(.text)
    HRTIM1_TIMD_IRQHandler                   0x080002c7   Thumb Code     0  startup_stm32h745xx_cm7.o(.text)
    HRTIM1_TIME_IRQHandler                   0x080002c7   Thumb Code     0  startup_stm32h745xx_cm7.o(.text)
    HSEM1_IRQHandler                         0x080002c7   Thumb Code     0  startup_stm32h745xx_cm7.o(.text)
    HSEM2_IRQHandler                         0x080002c7   Thumb Code     0  startup_stm32h745xx_cm7.o(.text)
    I2C1_ER_IRQHandler                       0x080002c7   Thumb Code     0  startup_stm32h745xx_cm7.o(.text)
    I2C1_EV_IRQHandler                       0x080002c7   Thumb Code     0  startup_stm32h745xx_cm7.o(.text)
    I2C2_ER_IRQHandler                       0x080002c7   Thumb Code     0  startup_stm32h745xx_cm7.o(.text)
    I2C2_EV_IRQHandler                       0x080002c7   Thumb Code     0  startup_stm32h745xx_cm7.o(.text)
    I2C3_ER_IRQHandler                       0x080002c7   Thumb Code     0  startup_stm32h745xx_cm7.o(.text)
    I2C3_EV_IRQHandler                       0x080002c7   Thumb Code     0  startup_stm32h745xx_cm7.o(.text)
    I2C4_ER_IRQHandler                       0x080002c7   Thumb Code     0  startup_stm32h745xx_cm7.o(.text)
    I2C4_EV_IRQHandler                       0x080002c7   Thumb Code     0  startup_stm32h745xx_cm7.o(.text)
    JPEG_IRQHandler                          0x080002c7   Thumb Code     0  startup_stm32h745xx_cm7.o(.text)
    LPTIM1_IRQHandler                        0x080002c7   Thumb Code     0  startup_stm32h745xx_cm7.o(.text)
    LPTIM2_IRQHandler                        0x080002c7   Thumb Code     0  startup_stm32h745xx_cm7.o(.text)
    LPTIM3_IRQHandler                        0x080002c7   Thumb Code     0  startup_stm32h745xx_cm7.o(.text)
    LPTIM4_IRQHandler                        0x080002c7   Thumb Code     0  startup_stm32h745xx_cm7.o(.text)
    LPTIM5_IRQHandler                        0x080002c7   Thumb Code     0  startup_stm32h745xx_cm7.o(.text)
    LPUART1_IRQHandler                       0x080002c7   Thumb Code     0  startup_stm32h745xx_cm7.o(.text)
    LTDC_ER_IRQHandler                       0x080002c7   Thumb Code     0  startup_stm32h745xx_cm7.o(.text)
    LTDC_IRQHandler                          0x080002c7   Thumb Code     0  startup_stm32h745xx_cm7.o(.text)
    MDIOS_IRQHandler                         0x080002c7   Thumb Code     0  startup_stm32h745xx_cm7.o(.text)
    MDIOS_WKUP_IRQHandler                    0x080002c7   Thumb Code     0  startup_stm32h745xx_cm7.o(.text)
    MDMA_IRQHandler                          0x080002c7   Thumb Code     0  startup_stm32h745xx_cm7.o(.text)
    OTG_FS_EP1_IN_IRQHandler                 0x080002c7   Thumb Code     0  startup_stm32h745xx_cm7.o(.text)
    OTG_FS_EP1_OUT_IRQHandler                0x080002c7   Thumb Code     0  startup_stm32h745xx_cm7.o(.text)
    OTG_FS_IRQHandler                        0x080002c7   Thumb Code     0  startup_stm32h745xx_cm7.o(.text)
    OTG_FS_WKUP_IRQHandler                   0x080002c7   Thumb Code     0  startup_stm32h745xx_cm7.o(.text)
    OTG_HS_EP1_IN_IRQHandler                 0x080002c7   Thumb Code     0  startup_stm32h745xx_cm7.o(.text)
    OTG_HS_EP1_OUT_IRQHandler                0x080002c7   Thumb Code     0  startup_stm32h745xx_cm7.o(.text)
    OTG_HS_IRQHandler                        0x080002c7   Thumb Code     0  startup_stm32h745xx_cm7.o(.text)
    OTG_HS_WKUP_IRQHandler                   0x080002c7   Thumb Code     0  startup_stm32h745xx_cm7.o(.text)
    PVD_AVD_IRQHandler                       0x080002c7   Thumb Code     0  startup_stm32h745xx_cm7.o(.text)
    QUADSPI_IRQHandler                       0x080002c7   Thumb Code     0  startup_stm32h745xx_cm7.o(.text)
    RCC_IRQHandler                           0x080002c7   Thumb Code     0  startup_stm32h745xx_cm7.o(.text)
    RNG_IRQHandler                           0x080002c7   Thumb Code     0  startup_stm32h745xx_cm7.o(.text)
    RTC_Alarm_IRQHandler                     0x080002c7   Thumb Code     0  startup_stm32h745xx_cm7.o(.text)
    RTC_WKUP_IRQHandler                      0x080002c7   Thumb Code     0  startup_stm32h745xx_cm7.o(.text)
    SAI1_IRQHandler                          0x080002c7   Thumb Code     0  startup_stm32h745xx_cm7.o(.text)
    SAI2_IRQHandler                          0x080002c7   Thumb Code     0  startup_stm32h745xx_cm7.o(.text)
    SAI3_IRQHandler                          0x080002c7   Thumb Code     0  startup_stm32h745xx_cm7.o(.text)
    SAI4_IRQHandler                          0x080002c7   Thumb Code     0  startup_stm32h745xx_cm7.o(.text)
    SDMMC1_IRQHandler                        0x080002c7   Thumb Code     0  startup_stm32h745xx_cm7.o(.text)
    SDMMC2_IRQHandler                        0x080002c7   Thumb Code     0  startup_stm32h745xx_cm7.o(.text)
    SPDIF_RX_IRQHandler                      0x080002c7   Thumb Code     0  startup_stm32h745xx_cm7.o(.text)
    SPI1_IRQHandler                          0x080002c7   Thumb Code     0  startup_stm32h745xx_cm7.o(.text)
    SPI2_IRQHandler                          0x080002c7   Thumb Code     0  startup_stm32h745xx_cm7.o(.text)
    SPI3_IRQHandler                          0x080002c7   Thumb Code     0  startup_stm32h745xx_cm7.o(.text)
    SPI4_IRQHandler                          0x080002c7   Thumb Code     0  startup_stm32h745xx_cm7.o(.text)
    SPI5_IRQHandler                          0x080002c7   Thumb Code     0  startup_stm32h745xx_cm7.o(.text)
    SPI6_IRQHandler                          0x080002c7   Thumb Code     0  startup_stm32h745xx_cm7.o(.text)
    SWPMI1_IRQHandler                        0x080002c7   Thumb Code     0  startup_stm32h745xx_cm7.o(.text)
    TAMP_STAMP_IRQHandler                    0x080002c7   Thumb Code     0  startup_stm32h745xx_cm7.o(.text)
    TIM15_IRQHandler                         0x080002c7   Thumb Code     0  startup_stm32h745xx_cm7.o(.text)
    TIM16_IRQHandler                         0x080002c7   Thumb Code     0  startup_stm32h745xx_cm7.o(.text)
    TIM17_IRQHandler                         0x080002c7   Thumb Code     0  startup_stm32h745xx_cm7.o(.text)
    TIM1_BRK_IRQHandler                      0x080002c7   Thumb Code     0  startup_stm32h745xx_cm7.o(.text)
    TIM1_CC_IRQHandler                       0x080002c7   Thumb Code     0  startup_stm32h745xx_cm7.o(.text)
    TIM1_TRG_COM_IRQHandler                  0x080002c7   Thumb Code     0  startup_stm32h745xx_cm7.o(.text)
    TIM1_UP_IRQHandler                       0x080002c7   Thumb Code     0  startup_stm32h745xx_cm7.o(.text)
    TIM2_IRQHandler                          0x080002c7   Thumb Code     0  startup_stm32h745xx_cm7.o(.text)
    TIM3_IRQHandler                          0x080002c7   Thumb Code     0  startup_stm32h745xx_cm7.o(.text)
    TIM4_IRQHandler                          0x080002c7   Thumb Code     0  startup_stm32h745xx_cm7.o(.text)
    TIM5_IRQHandler                          0x080002c7   Thumb Code     0  startup_stm32h745xx_cm7.o(.text)
    TIM6_DAC_IRQHandler                      0x080002c7   Thumb Code     0  startup_stm32h745xx_cm7.o(.text)
    TIM7_IRQHandler                          0x080002c7   Thumb Code     0  startup_stm32h745xx_cm7.o(.text)
    TIM8_BRK_TIM12_IRQHandler                0x080002c7   Thumb Code     0  startup_stm32h745xx_cm7.o(.text)
    TIM8_CC_IRQHandler                       0x080002c7   Thumb Code     0  startup_stm32h745xx_cm7.o(.text)
    TIM8_TRG_COM_TIM14_IRQHandler            0x080002c7   Thumb Code     0  startup_stm32h745xx_cm7.o(.text)
    TIM8_UP_TIM13_IRQHandler                 0x080002c7   Thumb Code     0  startup_stm32h745xx_cm7.o(.text)
    UART4_IRQHandler                         0x080002c7   Thumb Code     0  startup_stm32h745xx_cm7.o(.text)
    UART5_IRQHandler                         0x080002c7   Thumb Code     0  startup_stm32h745xx_cm7.o(.text)
    UART7_IRQHandler                         0x080002c7   Thumb Code     0  startup_stm32h745xx_cm7.o(.text)
    UART8_IRQHandler                         0x080002c7   Thumb Code     0  startup_stm32h745xx_cm7.o(.text)
    USART1_IRQHandler                        0x080002c7   Thumb Code     0  startup_stm32h745xx_cm7.o(.text)
    USART2_IRQHandler                        0x080002c7   Thumb Code     0  startup_stm32h745xx_cm7.o(.text)
    USART3_IRQHandler                        0x080002c7   Thumb Code     0  startup_stm32h745xx_cm7.o(.text)
    USART6_IRQHandler                        0x080002c7   Thumb Code     0  startup_stm32h745xx_cm7.o(.text)
    WAKEUP_PIN_IRQHandler                    0x080002c7   Thumb Code     0  startup_stm32h745xx_cm7.o(.text)
    WWDG_IRQHandler                          0x080002c7   Thumb Code     0  startup_stm32h745xx_cm7.o(.text)
    WWDG_RST_IRQHandler                      0x080002c7   Thumb Code     0  startup_stm32h745xx_cm7.o(.text)
    __aeabi_uldivmod                         0x080002d1   Thumb Code    98  uldiv.o(.text)
    __aeabi_memset                           0x08000333   Thumb Code    14  memseta.o(.text)
    __aeabi_memset4                          0x08000333   Thumb Code     0  memseta.o(.text)
    __aeabi_memset8                          0x08000333   Thumb Code     0  memseta.o(.text)
    __aeabi_memclr                           0x08000341   Thumb Code     4  memseta.o(.text)
    __aeabi_memclr4                          0x08000341   Thumb Code     0  memseta.o(.text)
    __aeabi_memclr8                          0x08000341   Thumb Code     0  memseta.o(.text)
    _memset$wrapper                          0x08000345   Thumb Code    18  memseta.o(.text)
    __aeabi_uidiv                            0x08000357   Thumb Code     0  uidiv.o(.text)
    __aeabi_uidivmod                         0x08000357   Thumb Code    44  uidiv.o(.text)
    __aeabi_llsl                             0x08000383   Thumb Code    30  llshl.o(.text)
    _ll_shift_l                              0x08000383   Thumb Code     0  llshl.o(.text)
    __aeabi_llsr                             0x080003a1   Thumb Code    32  llushr.o(.text)
    _ll_ushift_r                             0x080003a1   Thumb Code     0  llushr.o(.text)
    __I$use$fp                               0x080003c1   Thumb Code     0  iusefp.o(.text)
    __aeabi_dadd                             0x080003c1   Thumb Code   322  dadd.o(.text)
    __aeabi_dsub                             0x08000503   Thumb Code     6  dadd.o(.text)
    __aeabi_drsub                            0x08000509   Thumb Code     6  dadd.o(.text)
    __aeabi_dmul                             0x0800050f   Thumb Code   228  dmul.o(.text)
    __aeabi_ddiv                             0x080005f3   Thumb Code   222  ddiv.o(.text)
    __aeabi_d2ulz                            0x080006d1   Thumb Code    48  dfixul.o(.text)
    __aeabi_cdrcmple                         0x08000701   Thumb Code    48  cdrcmple.o(.text)
    __scatterload                            0x08000731   Thumb Code    28  init.o(.text)
    __scatterload_rt2                        0x08000731   Thumb Code     0  init.o(.text)
    __aeabi_lasr                             0x08000755   Thumb Code    36  llsshr.o(.text)
    _ll_sshift_r                             0x08000755   Thumb Code     0  llsshr.o(.text)
    _double_round                            0x08000779   Thumb Code    30  depilogue.o(.text)
    _double_epilogue                         0x08000797   Thumb Code   156  depilogue.o(.text)
    BusFault_Handler                         0x08000833   Thumb Code     2  stm32h7xx_it_1.o(i.BusFault_Handler)
    DebugMon_Handler                         0x08000835   Thumb Code     2  stm32h7xx_it_1.o(i.DebugMon_Handler)
    HAL_GPIO_Init                            0x08000839   Thumb Code   554  stm32h7xx_hal_gpio.o(i.HAL_GPIO_Init)
    HAL_GetCurrentCPUID                      0x08000a6d   Thumb Code    18  stm32h7xx_hal_cortex.o(i.HAL_GetCurrentCPUID)
    HAL_GetREVID                             0x08000a85   Thumb Code     8  stm32h7xx_hal.o(i.HAL_GetREVID)
    HAL_GetTick                              0x08000a91   Thumb Code     6  stm32h7xx_hal.o(i.HAL_GetTick)
    HAL_HSEM_FastTake                        0x08000a9d   Thumb Code    26  stm32h7xx_hal_hsem.o(i.HAL_HSEM_FastTake)
    HAL_HSEM_Release                         0x08000abd   Thumb Code    20  stm32h7xx_hal_hsem.o(i.HAL_HSEM_Release)
    HAL_Init                                 0x08000ad1   Thumb Code    80  stm32h7xx_hal.o(i.HAL_Init)
    HAL_InitTick                             0x08000b31   Thumb Code    88  stm32h7xx_hal.o(i.HAL_InitTick)
    HAL_MspInit                              0x08000b91   Thumb Code    24  stm32h7xx_hal_msp_1.o(i.HAL_MspInit)
    HAL_NVIC_SetPriority                     0x08000bad   Thumb Code    92  stm32h7xx_hal_cortex.o(i.HAL_NVIC_SetPriority)
    HAL_NVIC_SetPriorityGrouping             0x08000c0d   Thumb Code    30  stm32h7xx_hal_cortex.o(i.HAL_NVIC_SetPriorityGrouping)
    HAL_PWREx_ConfigSupply                   0x08000c31   Thumb Code   144  stm32h7xx_hal_pwr_ex.o(i.HAL_PWREx_ConfigSupply)
    HAL_RCCEx_GetD1SysClockFreq              0x08000cc9   Thumb Code    30  stm32h7xx_hal_rcc_ex.o(i.HAL_RCCEx_GetD1SysClockFreq)
    HAL_RCCEx_GetD3PCLK1Freq                 0x08000cf5   Thumb Code    26  stm32h7xx_hal_rcc_ex.o(i.HAL_RCCEx_GetD3PCLK1Freq)
    HAL_RCCEx_GetPLL2ClockFreq               0x08000d19   Thumb Code   392  stm32h7xx_hal_rcc_ex.o(i.HAL_RCCEx_GetPLL2ClockFreq)
    HAL_RCCEx_GetPLL3ClockFreq               0x08000ec5   Thumb Code   392  stm32h7xx_hal_rcc_ex.o(i.HAL_RCCEx_GetPLL3ClockFreq)
    HAL_RCCEx_PeriphCLKConfig                0x08001071   Thumb Code  2406  stm32h7xx_hal_rcc_ex.o(i.HAL_RCCEx_PeriphCLKConfig)
    HAL_RCC_ClockConfig                      0x080019e1   Thumb Code   588  stm32h7xx_hal_rcc.o(i.HAL_RCC_ClockConfig)
    HAL_RCC_GetHCLKFreq                      0x08001c51   Thumb Code    30  stm32h7xx_hal_rcc.o(i.HAL_RCC_GetHCLKFreq)
    HAL_RCC_GetPCLK1Freq                     0x08001c7d   Thumb Code    56  stm32h7xx_hal_rcc.o(i.HAL_RCC_GetPCLK1Freq)
    HAL_RCC_GetPCLK2Freq                     0x08001cc1   Thumb Code    56  stm32h7xx_hal_rcc.o(i.HAL_RCC_GetPCLK2Freq)
    HAL_RCC_GetSysClockFreq                  0x08001d05   Thumb Code   378  stm32h7xx_hal_rcc.o(i.HAL_RCC_GetSysClockFreq)
    HAL_RCC_OscConfig                        0x08001ead   Thumb Code  1440  stm32h7xx_hal_rcc.o(i.HAL_RCC_OscConfig)
    HAL_SYSTICK_Config                       0x08002451   Thumb Code    36  stm32h7xx_hal_cortex.o(i.HAL_SYSTICK_Config)
    HAL_UARTEx_DisableFifoMode               0x08002479   Thumb Code    72  stm32h7xx_hal_uart_ex.o(i.HAL_UARTEx_DisableFifoMode)
    HAL_UARTEx_EnableFifoMode                0x080024c1   Thumb Code   168  stm32h7xx_hal_uart_ex.o(i.HAL_UARTEx_EnableFifoMode)
    HAL_UARTEx_SetRxFifoThreshold            0x08002579   Thumb Code   160  stm32h7xx_hal_uart_ex.o(i.HAL_UARTEx_SetRxFifoThreshold)
    HAL_UARTEx_SetTxFifoThreshold            0x0800261d   Thumb Code   160  stm32h7xx_hal_uart_ex.o(i.HAL_UARTEx_SetTxFifoThreshold)
    HAL_UART_Init                            0x080026c1   Thumb Code   110  stm32h7xx_hal_uart.o(i.HAL_UART_Init)
    HAL_UART_MspInit                         0x08002731   Thumb Code   100  stm32h7xx_hal_msp_1.o(i.HAL_UART_MspInit)
    HAL_UART_Transmit                        0x080027a1   Thumb Code   204  stm32h7xx_hal_uart.o(i.HAL_UART_Transmit)
    HardFault_Handler                        0x0800286d   Thumb Code     2  stm32h7xx_it_1.o(i.HardFault_Handler)
    MemManage_Handler                        0x0800286f   Thumb Code     2  stm32h7xx_it_1.o(i.MemManage_Handler)
    NMI_Handler                              0x08002871   Thumb Code     2  stm32h7xx_it_1.o(i.NMI_Handler)
    PendSV_Handler                           0x08002873   Thumb Code     2  stm32h7xx_it_1.o(i.PendSV_Handler)
    SVC_Handler                              0x08002afd   Thumb Code     2  stm32h7xx_it_1.o(i.SVC_Handler)
    SysTick_Handler                          0x08002b01   Thumb Code    10  stm32h7xx_it_1.o(i.SysTick_Handler)
    SystemClock_Config                       0x08002b11   Thumb Code   176  core_portme.o(i.SystemClock_Config)
    SystemInit                               0x08002bc9   Thumb Code   182  system_stm32h7xx_dualcore_boot_cm4_cm7.o(i.SystemInit)
    UART_AdvFeatureConfig                    0x08002cad   Thumb Code   218  stm32h7xx_hal_uart.o(i.UART_AdvFeatureConfig)
    UART_CheckIdleState                      0x08002d87   Thumb Code    98  stm32h7xx_hal_uart.o(i.UART_CheckIdleState)
    UART_SetConfig                           0x08002de9   Thumb Code  3700  stm32h7xx_hal_uart.o(i.UART_SetConfig)
    UART_WaitOnFlagUntilTimeout              0x08003c5d   Thumb Code   194  stm32h7xx_hal_uart.o(i.UART_WaitOnFlagUntilTimeout)
    UsageFault_Handler                       0x08003d1f   Thumb Code     2  stm32h7xx_it_1.o(i.UsageFault_Handler)
    __0printf                                0x08003d21   Thumb Code    22  printfa.o(i.__0printf)
    __1printf                                0x08003d21   Thumb Code     0  printfa.o(i.__0printf)
    __2printf                                0x08003d21   Thumb Code     0  printfa.o(i.__0printf)
    __c89printf                              0x08003d21   Thumb Code     0  printfa.o(i.__0printf)
    printf                                   0x08003d21   Thumb Code     0  printfa.o(i.__0printf)
    __scatterload_copy                       0x08003d41   Thumb Code    14  handlers.o(i.__scatterload_copy)
    __scatterload_null                       0x08003d4f   Thumb Code     2  handlers.o(i.__scatterload_null)
    __scatterload_zeroinit                   0x08003d51   Thumb Code    14  handlers.o(i.__scatterload_zeroinit)
    calc_func                                0x08004613   Thumb Code   144  core_list_join.o(i.calc_func)
    check_data_types                         0x080046a3   Thumb Code     4  core_util.o(i.check_data_types)
    cmp_complex                              0x080046a7   Thumb Code    26  core_list_join.o(i.cmp_complex)
    cmp_idx                                  0x080046c1   Thumb Code    42  core_list_join.o(i.cmp_idx)
    core_bench_list                          0x080046ed   Thumb Code   372  core_list_join.o(i.core_bench_list)
    core_bench_matrix                        0x08004869   Thumb Code    34  core_matrix.o(i.core_bench_matrix)
    core_bench_state                         0x0800488d   Thumb Code   236  core_state.o(i.core_bench_state)
    core_init_matrix                         0x08004979   Thumb Code   166  core_matrix.o(i.core_init_matrix)
    core_init_state                          0x08004a21   Thumb Code   260  core_state.o(i.core_init_state)
    core_list_init                           0x08004b2d   Thumb Code   268  core_list_join.o(i.core_list_init)
    core_list_mergesort                      0x08004c41   Thumb Code   166  core_list_join.o(i.core_list_mergesort)
    core_state_transition                    0x08004ce7   Thumb Code   416  core_state.o(i.core_state_transition)
    crc16                                    0x08004e89   Thumb Code    68  core_util.o(i.crc16)
    crcu16                                   0x08004ecd   Thumb Code    68  core_util.o(i.crcu16)
    crcu32                                   0x08004f11   Thumb Code    24  core_util.o(i.crcu32)
    fputc                                    0x08004f29   Thumb Code    22  core_portme.o(i.fputc)
    get_seed_32                              0x08004f45   Thumb Code    42  core_util.o(i.get_seed_32)
    get_time                                 0x08004f85   Thumb Code     6  core_portme.o(i.get_time)
    main                                     0x08004f91   Thumb Code  1956  core_main.o(i.main)
    matrix_sum                               0x08005911   Thumb Code    88  core_matrix.o(i.matrix_sum)
    matrix_test                              0x08005969   Thumb Code   730  core_matrix.o(i.matrix_test)
    portable_fini                            0x08005c43   Thumb Code     6  core_portme.o(i.portable_fini)
    portable_init                            0x08005c49   Thumb Code   502  core_portme.o(i.portable_init)
    start_time                               0x08005e71   Thumb Code    50  core_portme.o(i.start_time)
    stop_time                                0x08005eb1   Thumb Code    18  core_portme.o(i.stop_time)
    time_in_secs                             0x08005ec9   Thumb Code    18  core_portme.o(i.time_in_secs)
    D1CorePrescTable                         0x08005ee8   Data          16  system_stm32h7xx_dualcore_boot_cm4_cm7.o(.constdata)
    Region$$Table$$Base                      0x08006058   Number         0  anon$$obj.o(Region$$Table)
    Region$$Table$$Limit                     0x08006078   Number         0  anon$$obj.o(Region$$Table)
    seed1_volatile                           0x20000060   Data           4  core_portme.o(.data)
    seed2_volatile                           0x20000064   Data           4  core_portme.o(.data)
    seed3_volatile                           0x20000068   Data           4  core_portme.o(.data)
    seed4_volatile                           0x2000006c   Data           4  core_portme.o(.data)
    seed5_volatile                           0x20000070   Data           4  core_portme.o(.data)
    default_num_contexts                     0x20000074   Data           4  core_portme.o(.data)
    Tick                                     0x20000078   Data           4  core_portme.o(.data)
    uwTickFreq                               0x2000007c   Data           1  stm32h7xx_hal.o(.data)
    uwTickPrio                               0x20000080   Data           4  stm32h7xx_hal.o(.data)
    uwTick                                   0x20000084   Data           4  stm32h7xx_hal.o(.data)
    SystemCoreClock                          0x20000088   Data           4  system_stm32h7xx_dualcore_boot_cm4_cm7.o(.data)
    SystemD2Clock                            0x2000008c   Data           4  system_stm32h7xx_dualcore_boot_cm4_cm7.o(.data)
    __stdout                                 0x20000090   Data           4  stdout.o(.data)
    huart3                                   0x20000094   Data         140  core_portme.o(.bss)
    __initial_sp                             0x20005120   Data           0  startup_stm32h745xx_cm7.o(STACK)



==============================================================================

Memory Map of the image

  Image Entry point : 0x08000299

  Load Region LR_IROM1 (Base: 0x08000000, Size: 0x0000610c, Max: 0x00100000, ABSOLUTE)

    Execution Region ER_IROM1 (Exec base: 0x08000000, Load base: 0x08000000, Size: 0x00006078, Max: 0x00100000, ABSOLUTE)

    Exec Addr    Load Addr    Size         Type   Attr      Idx    E Section Name        Object

    0x08000000   0x08000000   0x00000298   Data   RO            3    RESET               startup_stm32h745xx_cm7.o
    0x08000298   0x08000298   0x00000000   Code   RO         3593  * .ARM.Collect$$$$00000000  mc_w.l(entry.o)
    0x08000298   0x08000298   0x00000004   Code   RO         3861    .ARM.Collect$$$$00000001  mc_w.l(entry2.o)
    0x0800029c   0x0800029c   0x00000004   Code   RO         3864    .ARM.Collect$$$$00000004  mc_w.l(entry5.o)
    0x080002a0   0x080002a0   0x00000000   Code   RO         3866    .ARM.Collect$$$$00000008  mc_w.l(entry7b.o)
    0x080002a0   0x080002a0   0x00000000   Code   RO         3868    .ARM.Collect$$$$0000000A  mc_w.l(entry8b.o)
    0x080002a0   0x080002a0   0x00000008   Code   RO         3869    .ARM.Collect$$$$0000000B  mc_w.l(entry9a.o)
    0x080002a8   0x080002a8   0x00000000   Code   RO         3871    .ARM.Collect$$$$0000000D  mc_w.l(entry10a.o)
    0x080002a8   0x080002a8   0x00000000   Code   RO         3873    .ARM.Collect$$$$0000000F  mc_w.l(entry11a.o)
    0x080002a8   0x080002a8   0x00000004   Code   RO         3862    .ARM.Collect$$$$00002712  mc_w.l(entry2.o)
    0x080002ac   0x080002ac   0x00000024   Code   RO            4    .text               startup_stm32h745xx_cm7.o
    0x080002d0   0x080002d0   0x00000062   Code   RO         3596    .text               mc_w.l(uldiv.o)
    0x08000332   0x08000332   0x00000024   Code   RO         3598    .text               mc_w.l(memseta.o)
    0x08000356   0x08000356   0x0000002c   Code   RO         3876    .text               mc_w.l(uidiv.o)
    0x08000382   0x08000382   0x0000001e   Code   RO         3878    .text               mc_w.l(llshl.o)
    0x080003a0   0x080003a0   0x00000020   Code   RO         3880    .text               mc_w.l(llushr.o)
    0x080003c0   0x080003c0   0x00000000   Code   RO         3882    .text               mc_w.l(iusefp.o)
    0x080003c0   0x080003c0   0x0000014e   Code   RO         3883    .text               mf_w.l(dadd.o)
    0x0800050e   0x0800050e   0x000000e4   Code   RO         3885    .text               mf_w.l(dmul.o)
    0x080005f2   0x080005f2   0x000000de   Code   RO         3887    .text               mf_w.l(ddiv.o)
    0x080006d0   0x080006d0   0x00000030   Code   RO         3889    .text               mf_w.l(dfixul.o)
    0x08000700   0x08000700   0x00000030   Code   RO         3891    .text               mf_w.l(cdrcmple.o)
    0x08000730   0x08000730   0x00000024   Code   RO         3893    .text               mc_w.l(init.o)
    0x08000754   0x08000754   0x00000024   Code   RO         3895    .text               mc_w.l(llsshr.o)
    0x08000778   0x08000778   0x000000ba   Code   RO         3897    .text               mf_w.l(depilogue.o)
    0x08000832   0x08000832   0x00000002   Code   RO          529    i.BusFault_Handler  stm32h7xx_it_1.o
    0x08000834   0x08000834   0x00000002   Code   RO          530    i.DebugMon_Handler  stm32h7xx_it_1.o
    0x08000836   0x08000836   0x00000002   PAD
    0x08000838   0x08000838   0x00000234   Code   RO         1755    i.HAL_GPIO_Init     stm32h7xx_hal_gpio.o
    0x08000a6c   0x08000a6c   0x00000018   Code   RO          647    i.HAL_GetCurrentCPUID  stm32h7xx_hal_cortex.o
    0x08000a84   0x08000a84   0x0000000c   Code   RO         2632    i.HAL_GetREVID      stm32h7xx_hal.o
    0x08000a90   0x08000a90   0x0000000c   Code   RO         2633    i.HAL_GetTick       stm32h7xx_hal.o
    0x08000a9c   0x08000a9c   0x00000020   Code   RO         1820    i.HAL_HSEM_FastTake  stm32h7xx_hal_hsem.o
    0x08000abc   0x08000abc   0x00000014   Code   RO         1825    i.HAL_HSEM_Release  stm32h7xx_hal_hsem.o
    0x08000ad0   0x08000ad0   0x00000060   Code   RO         2640    i.HAL_Init          stm32h7xx_hal.o
    0x08000b30   0x08000b30   0x00000060   Code   RO         2641    i.HAL_InitTick      stm32h7xx_hal.o
    0x08000b90   0x08000b90   0x0000001c   Code   RO          611    i.HAL_MspInit       stm32h7xx_hal_msp_1.o
    0x08000bac   0x08000bac   0x00000060   Code   RO          659    i.HAL_NVIC_SetPriority  stm32h7xx_hal_cortex.o
    0x08000c0c   0x08000c0c   0x00000024   Code   RO          660    i.HAL_NVIC_SetPriorityGrouping  stm32h7xx_hal_cortex.o
    0x08000c30   0x08000c30   0x00000098   Code   RO         2332    i.HAL_PWREx_ConfigSupply  stm32h7xx_hal_pwr_ex.o
    0x08000cc8   0x08000cc8   0x0000002c   Code   RO         1408    i.HAL_RCCEx_GetD1SysClockFreq  stm32h7xx_hal_rcc_ex.o
    0x08000cf4   0x08000cf4   0x00000024   Code   RO         1409    i.HAL_RCCEx_GetD3PCLK1Freq  stm32h7xx_hal_rcc_ex.o
    0x08000d18   0x08000d18   0x000001ac   Code   RO         1411    i.HAL_RCCEx_GetPLL2ClockFreq  stm32h7xx_hal_rcc_ex.o
    0x08000ec4   0x08000ec4   0x000001ac   Code   RO         1412    i.HAL_RCCEx_GetPLL3ClockFreq  stm32h7xx_hal_rcc_ex.o
    0x08001070   0x08001070   0x00000970   Code   RO         1416    i.HAL_RCCEx_PeriphCLKConfig  stm32h7xx_hal_rcc_ex.o
    0x080019e0   0x080019e0   0x00000270   Code   RO         1294    i.HAL_RCC_ClockConfig  stm32h7xx_hal_rcc.o
    0x08001c50   0x08001c50   0x0000002c   Code   RO         1299    i.HAL_RCC_GetHCLKFreq  stm32h7xx_hal_rcc.o
    0x08001c7c   0x08001c7c   0x00000044   Code   RO         1301    i.HAL_RCC_GetPCLK1Freq  stm32h7xx_hal_rcc.o
    0x08001cc0   0x08001cc0   0x00000044   Code   RO         1302    i.HAL_RCC_GetPCLK2Freq  stm32h7xx_hal_rcc.o
    0x08001d04   0x08001d04   0x000001a8   Code   RO         1303    i.HAL_RCC_GetSysClockFreq  stm32h7xx_hal_rcc.o
    0x08001eac   0x08001eac   0x000005a4   Code   RO         1306    i.HAL_RCC_OscConfig  stm32h7xx_hal_rcc.o
    0x08002450   0x08002450   0x00000028   Code   RO          664    i.HAL_SYSTICK_Config  stm32h7xx_hal_cortex.o
    0x08002478   0x08002478   0x00000048   Code   RO         1205    i.HAL_UARTEx_DisableFifoMode  stm32h7xx_hal_uart_ex.o
    0x080024c0   0x080024c0   0x000000b8   Code   RO         1207    i.HAL_UARTEx_EnableFifoMode  stm32h7xx_hal_uart_ex.o
    0x08002578   0x08002578   0x000000a4   Code   RO         1210    i.HAL_UARTEx_SetRxFifoThreshold  stm32h7xx_hal_uart_ex.o
    0x0800261c   0x0800261c   0x000000a4   Code   RO         1211    i.HAL_UARTEx_SetTxFifoThreshold  stm32h7xx_hal_uart_ex.o
    0x080026c0   0x080026c0   0x0000006e   Code   RO          847    i.HAL_UART_Init     stm32h7xx_hal_uart.o
    0x0800272e   0x0800272e   0x00000002   PAD
    0x08002730   0x08002730   0x00000070   Code   RO          613    i.HAL_UART_MspInit  stm32h7xx_hal_msp_1.o
    0x080027a0   0x080027a0   0x000000cc   Code   RO          856    i.HAL_UART_Transmit  stm32h7xx_hal_uart.o
    0x0800286c   0x0800286c   0x00000002   Code   RO          531    i.HardFault_Handler  stm32h7xx_it_1.o
    0x0800286e   0x0800286e   0x00000002   Code   RO          532    i.MemManage_Handler  stm32h7xx_it_1.o
    0x08002870   0x08002870   0x00000002   Code   RO          533    i.NMI_Handler       stm32h7xx_it_1.o
    0x08002872   0x08002872   0x00000002   Code   RO          534    i.PendSV_Handler    stm32h7xx_it_1.o
    0x08002874   0x08002874   0x00000144   Code   RO         1419    i.RCCEx_PLL2_Config  stm32h7xx_hal_rcc_ex.o
    0x080029b8   0x080029b8   0x00000144   Code   RO         1420    i.RCCEx_PLL3_Config  stm32h7xx_hal_rcc_ex.o
    0x08002afc   0x08002afc   0x00000002   Code   RO          535    i.SVC_Handler       stm32h7xx_it_1.o
    0x08002afe   0x08002afe   0x00000002   PAD
    0x08002b00   0x08002b00   0x00000010   Code   RO          536    i.SysTick_Handler   stm32h7xx_it_1.o
    0x08002b10   0x08002b10   0x000000b8   Code   RO          419    i.SystemClock_Config  core_portme.o
    0x08002bc8   0x08002bc8   0x000000e4   Code   RO         3560    i.SystemInit        system_stm32h7xx_dualcore_boot_cm4_cm7.o
    0x08002cac   0x08002cac   0x000000da   Code   RO          861    i.UART_AdvFeatureConfig  stm32h7xx_hal_uart.o
    0x08002d86   0x08002d86   0x00000062   Code   RO          862    i.UART_CheckIdleState  stm32h7xx_hal_uart.o
    0x08002de8   0x08002de8   0x00000e74   Code   RO          877    i.UART_SetConfig    stm32h7xx_hal_uart.o
    0x08003c5c   0x08003c5c   0x000000c2   Code   RO          882    i.UART_WaitOnFlagUntilTimeout  stm32h7xx_hal_uart.o
    0x08003d1e   0x08003d1e   0x00000002   Code   RO          537    i.UsageFault_Handler  stm32h7xx_it_1.o
    0x08003d20   0x08003d20   0x00000020   Code   RO         3833    i.__0printf         mc_w.l(printfa.o)
    0x08003d40   0x08003d40   0x0000000e   Code   RO         3901    i.__scatterload_copy  mc_w.l(handlers.o)
    0x08003d4e   0x08003d4e   0x00000002   Code   RO         3902    i.__scatterload_null  mc_w.l(handlers.o)
    0x08003d50   0x08003d50   0x0000000e   Code   RO         3903    i.__scatterload_zeroinit  mc_w.l(handlers.o)
    0x08003d5e   0x08003d5e   0x00000002   PAD
    0x08003d60   0x08003d60   0x00000184   Code   RO         3840    i._fp_digits        mc_w.l(printfa.o)
    0x08003ee4   0x08003ee4   0x000006dc   Code   RO         3841    i._printf_core      mc_w.l(printfa.o)
    0x080045c0   0x080045c0   0x00000024   Code   RO         3842    i._printf_post_padding  mc_w.l(printfa.o)
    0x080045e4   0x080045e4   0x0000002e   Code   RO         3843    i._printf_pre_padding  mc_w.l(printfa.o)
    0x08004612   0x08004612   0x00000090   Code   RO          168    i.calc_func         core_list_join.o
    0x080046a2   0x080046a2   0x00000004   Code   RO          365    i.check_data_types  core_util.o
    0x080046a6   0x080046a6   0x0000001a   Code   RO          169    i.cmp_complex       core_list_join.o
    0x080046c0   0x080046c0   0x0000002a   Code   RO          170    i.cmp_idx           core_list_join.o
    0x080046ea   0x080046ea   0x00000002   PAD
    0x080046ec   0x080046ec   0x0000017c   Code   RO          172    i.core_bench_list   core_list_join.o
    0x08004868   0x08004868   0x00000022   Code   RO          252    i.core_bench_matrix  core_matrix.o
    0x0800488a   0x0800488a   0x00000002   PAD
    0x0800488c   0x0800488c   0x000000ec   Code   RO          319    i.core_bench_state  core_state.o
    0x08004978   0x08004978   0x000000a6   Code   RO          253    i.core_init_matrix  core_matrix.o
    0x08004a1e   0x08004a1e   0x00000002   PAD
    0x08004a20   0x08004a20   0x0000010c   Code   RO          320    i.core_init_state   core_state.o
    0x08004b2c   0x08004b2c   0x00000114   Code   RO          174    i.core_list_init    core_list_join.o
    0x08004c40   0x08004c40   0x000000a6   Code   RO          176    i.core_list_mergesort  core_list_join.o
    0x08004ce6   0x08004ce6   0x000001a0   Code   RO          321    i.core_state_transition  core_state.o
    0x08004e86   0x08004e86   0x00000002   PAD
    0x08004e88   0x08004e88   0x00000044   Code   RO          366    i.crc16             core_util.o
    0x08004ecc   0x08004ecc   0x00000044   Code   RO          367    i.crcu16            core_util.o
    0x08004f10   0x08004f10   0x00000018   Code   RO          368    i.crcu32            core_util.o
    0x08004f28   0x08004f28   0x0000001c   Code   RO          420    i.fputc             core_portme.o
    0x08004f44   0x08004f44   0x00000040   Code   RO          370    i.get_seed_32       core_util.o
    0x08004f84   0x08004f84   0x0000000c   Code   RO          421    i.get_time          core_portme.o
    0x08004f90   0x08004f90   0x00000980   Code   RO           14    i.main              core_main.o
    0x08005910   0x08005910   0x00000058   Code   RO          259    i.matrix_sum        core_matrix.o
    0x08005968   0x08005968   0x000002da   Code   RO          260    i.matrix_test       core_matrix.o
    0x08005c42   0x08005c42   0x00000006   Code   RO          422    i.portable_fini     core_portme.o
    0x08005c48   0x08005c48   0x00000228   Code   RO          423    i.portable_init     core_portme.o
    0x08005e70   0x08005e70   0x00000040   Code   RO          424    i.start_time        core_portme.o
    0x08005eb0   0x08005eb0   0x00000012   Code   RO          425    i.stop_time         core_portme.o
    0x08005ec2   0x08005ec2   0x00000006   PAD
    0x08005ec8   0x08005ec8   0x00000020   Code   RO          426    i.time_in_secs      core_portme.o
    0x08005ee8   0x08005ee8   0x00000010   Data   RO         3561    .constdata          system_stm32h7xx_dualcore_boot_cm4_cm7.o
    0x08005ef8   0x08005ef8   0x000000ad   Data   RO           16    .conststring        core_main.o
    0x08005fa5   0x08005fa5   0x00000003   PAD
    0x08005fa8   0x08005fa8   0x000000ad   Data   RO          322    .conststring        core_state.o
    0x08006055   0x08006055   0x00000003   PAD
    0x08006058   0x08006058   0x00000020   Data   RO         3899    Region$$Table       anon$$obj.o


    Execution Region RW_IRAM1 (Exec base: 0x20000000, Load base: 0x08006078, Size: 0x00005120, Max: 0x20020000, ABSOLUTE)

    Exec Addr    Load Addr    Size         Type   Attr      Idx    E Section Name        Object

    0x20000000   0x08006078   0x0000001e   Data   RW           17    .data               core_main.o
    0x2000001e   0x08006096   0x00000002   PAD
    0x20000020   0x08006098   0x00000040   Data   RW          323    .data               core_state.o
    0x20000060   0x080060d8   0x00000004   Data   RW          428    .data               core_portme.o
    0x20000064   0x080060dc   0x00000004   Data   RW          429    .data               core_portme.o
    0x20000068   0x080060e0   0x00000004   Data   RW          430    .data               core_portme.o
    0x2000006c   0x080060e4   0x00000004   Data   RW          431    .data               core_portme.o
    0x20000070   0x080060e8   0x00000004   Data   RW          432    .data               core_portme.o
    0x20000074   0x080060ec   0x00000004   Data   RW          433    .data               core_portme.o
    0x20000078   0x080060f0   0x00000004   Data   RW          434    .data               core_portme.o
    0x2000007c   0x080060f4   0x0000000c   Data   RW         2667    .data               stm32h7xx_hal.o
    0x20000088   0x08006100   0x00000008   Data   RW         3562    .data               system_stm32h7xx_dualcore_boot_cm4_cm7.o
    0x20000090   0x08006108   0x00000004   Data   RW         3875    .data               mc_w.l(stdout.o)
    0x20000094        -       0x0000008c   Zero   RW          427    .bss                core_portme.o
    0x20000120        -       0x00005000   Zero   RW            1    STACK               startup_stm32h745xx_cm7.o


==============================================================================

Image component sizes


      Code (inc. data)   RO Data    RW Data    ZI Data      Debug   Object Name

      1034         16          0          0          0       7416   core_list_join.o
      2432        950        173         30          0    1352942   core_main.o
      1018          0          0          0          0       7315   core_matrix.o
       896         98          0         28        140      46359   core_portme.o
       920         16        173         64          0       4989   core_state.o
       228         28          0          0          0       3850   core_util.o
        36          8        664          0      20480        840   startup_stm32h745xx_cm7.o
       216         34          0         12          0      29810   stm32h7xx_hal.o
       196         20          0          0          0      38304   stm32h7xx_hal_cortex.o
       564         10          0          0          0       1860   stm32h7xx_hal_gpio.o
        52          6          0          0          0       1215   stm32h7xx_hal_hsem.o
       140         16          0          0          0       1553   stm32h7xx_hal_msp_1.o
       152          8          0          0          0        869   stm32h7xx_hal_pwr_ex.o
      2672        156          0          0          0       7136   stm32h7xx_hal_rcc.o
      4000        200          0          0          0       8391   stm32h7xx_hal_rcc_ex.o
      4524         68          0          0          0       8185   stm32h7xx_hal_uart.o
       584         24          0          0          0       4545   stm32h7xx_hal_uart_ex.o
        32          6          0          0          0       4146   stm32h7xx_it_1.o
       228         46         16          8          0       1554   system_stm32h7xx_dualcore_boot_cm4_cm7.o

    ----------------------------------------------------------------------
     19944       1710       1064        144      20620    1531279   Object Totals
         0          0         32          0          0          0   (incl. Generated)
        20          0          6          2          0          0   (incl. Padding)

    ----------------------------------------------------------------------

      Code (inc. data)   RO Data    RW Data    ZI Data      Debug   Library Member Name

         0          0          0          0          0          0   entry.o
         0          0          0          0          0          0   entry10a.o
         0          0          0          0          0          0   entry11a.o
         8          4          0          0          0          0   entry2.o
         4          0          0          0          0          0   entry5.o
         0          0          0          0          0          0   entry7b.o
         0          0          0          0          0          0   entry8b.o
         8          4          0          0          0          0   entry9a.o
        30          0          0          0          0          0   handlers.o
        36          8          0          0          0         68   init.o
         0          0          0          0          0          0   iusefp.o
        30          0          0          0          0         68   llshl.o
        36          0          0          0          0         68   llsshr.o
        32          0          0          0          0         68   llushr.o
        36          0          0          0          0        108   memseta.o
      2258         90          0          0          0        452   printfa.o
         0          0          0          4          0          0   stdout.o
        44          0          0          0          0         80   uidiv.o
        98          0          0          0          0         92   uldiv.o
        48          0          0          0          0         68   cdrcmple.o
       334          0          0          0          0        148   dadd.o
       222          0          0          0          0        100   ddiv.o
       186          0          0          0          0        176   depilogue.o
        48          0          0          0          0         68   dfixul.o
       228          0          0          0          0         96   dmul.o

    ----------------------------------------------------------------------
      3688        106          0          4          0       1660   Library Totals
         2          0          0          0          0          0   (incl. Padding)

    ----------------------------------------------------------------------

      Code (inc. data)   RO Data    RW Data    ZI Data      Debug   Library Name

      2620        106          0          4          0       1004   mc_w.l
      1066          0          0          0          0        656   mf_w.l

    ----------------------------------------------------------------------
      3688        106          0          4          0       1660   Library Totals

    ----------------------------------------------------------------------

==============================================================================


      Code (inc. data)   RO Data    RW Data    ZI Data      Debug   

     23632       1816       1064        148      20620    1525811   Grand Totals
     23632       1816       1064        148      20620    1525811   ELF Image Totals
     23632       1816       1064        148          0          0   ROM Totals

==============================================================================

    Total RO  Size (Code + RO Data)                24696 (  24.12kB)
    Total RW  Size (RW Data + ZI Data)             20768 (  20.28kB)
    Total ROM Size (Code + RO Data + RW Data)      24844 (  24.26kB)

==============================================================================

